Xshell 8 (Build 0068)
Copyright (c) 2024 NetSarang Computer, Inc. All rights reserved.

Type `help' to learn how to use Xshell prompt.
[E:\~]$ 

Connecting to 127.0.0.1:22...
Connection established.
To escape to local shell, press 'Ctrl+Alt+]'.

WARNING! The remote SSH server rejected X11 forwarding request.
Last login: Thu Jun 26 03:00:36 2025 from 172.17.0.1
[root@46d43da1126c ~]# ./build/skynet ./config/cs_config.lua
-bash: ./build/skynet: No such file or directory
[root@46d43da1126c ~]# cd /data/code/        
[root@46d43da1126c code]# 
[root@46d43da1126c code]# ./build/skynet ./config/cs_config.lua
[:06-26_03-01-14][:00000001] LAUNCH logger 
[:06-26_03-01-14][:00000002] LAUNCH snlua bootstrap
[:06-26_03-01-14][:00000003] LAUNCH snlua launcher
[:06-26_03-01-14][:00000004] LAUNCH snlua cdummy
[:06-26_03-01-14][:00000005] LAUNCH harbor 0 4
[:06-26_03-01-14][:00000006] LAUNCH snlua datacenterd
[:06-26_03-01-14][:00000007] LAUNCH snlua service_mgr
[:06-26_03-01-14][:00000008] LAUNCH snlua cs_launcher
[:06-26_03-01-14][:00000008] [INFO] cs start
[:06-26_03-01-14][:00000009] LAUNCH snlua debug_console 10001
[:06-26_03-01-14][:00000009] Start debug console at 127.0.0.1 10001
[:06-26_03-01-14][:0000000a] LAUNCH snlua res
[:06-26_03-01-15][:0000000b] LAUNCH snlua sharedatad
[:06-26_03-01-15][:0000000b] Memory warning 32.00 M
[:06-26_03-01-15][:0000000a] [INFO] res service booted
[:06-26_03-01-15][:0000000c] LAUNCH snlua rt_monitor
[:06-26_03-01-16][:0000000c] [INFO] rt_monitor service booted
[:06-26_03-01-16][:0000000d] LAUNCH snlua mem_monitor
[:06-26_03-01-16][:0000000d] [INFO] mem_monitor service booted
[:06-26_03-01-16][:0000000e] LAUNCH snlua dictator
[:06-26_03-01-16][:0000000e] start dictator at 127.0.0.1 10002
[:06-26_03-01-16][:0000000e] [INFO] dictator service booted
[:06-26_03-01-16][:0000000f] LAUNCH snlua router_s 1
[:06-26_03-01-16][:00000010] LAUNCH zinc_gate S :0000000f 10010 13 10000 0
[:06-26_03-01-16][:0000000f] [INFO] router_s service booted
[:06-26_03-01-16][:00000011] LAUNCH snlua router_s 2
[:06-26_03-01-16][:00000012] LAUNCH zinc_gate S :00000011 10011 13 10000 0
[:06-26_03-01-16][:00000011] [INFO] router_s service booted
[:06-26_03-01-16][:00000013] LAUNCH snlua router_s 3
[:06-26_03-01-16][:00000014] LAUNCH zinc_gate S :00000013 10012 13 10000 0
[:06-26_03-01-16][:00000013] [INFO] router_s service booted
[:06-26_03-01-16][:00000015] LAUNCH snlua router_s 4
[:06-26_03-01-17][:00000016] LAUNCH zinc_gate S :00000015 10013 13 10000 0
[:06-26_03-01-17][:00000015] [INFO] router_s service booted
[:06-26_03-01-17][:00000017] LAUNCH snlua router_c
[:06-26_03-01-17][:00000017] [INFO] router_c service booted
[:06-26_03-01-17][:00000018] LAUNCH snlua webrouter
[:06-26_03-01-17][:00000019] LAUNCH snlua webhandler
[:06-26_03-01-17][:00000019] [INFO] webhandler service booted
[:06-26_03-01-17][:0000001a] LAUNCH snlua webhandler
[:06-26_03-01-17][:0000001a] [INFO] webhandler service booted
[:06-26_03-01-17][:0000001b] LAUNCH snlua webhandler
[:06-26_03-01-17][:0000001b] [INFO] webhandler service booted
[:06-26_03-01-17][:0000001c] LAUNCH snlua webhandler
[:06-26_03-01-17][:0000001c] [INFO] webhandler service booted
[:06-26_03-01-18][:0000001d] LAUNCH snlua webhandler
[:06-26_03-01-18][:0000001d] [INFO] webhandler service booted
[:06-26_03-01-18][:0000001e] LAUNCH snlua webhandler
[:06-26_03-01-18][:0000001e] [INFO] webhandler service booted
[:06-26_03-01-18][:0000001f] LAUNCH snlua webhandler
[:06-26_03-01-18][:0000001f] [INFO] webhandler service booted
[:06-26_03-01-18][:00000020] LAUNCH snlua webhandler
[:06-26_03-01-18][:00000020] [INFO] webhandler service booted
[:06-26_03-01-18][:00000021] LAUNCH snlua webhandler
[:06-26_03-01-18][:00000021] [INFO] webhandler service booted
[:06-26_03-01-18][:00000022] LAUNCH snlua webhandler
[:06-26_03-01-18][:00000022] [INFO] webhandler service booted
[:06-26_03-01-18][:00000018] [INFO] webrouter listen web port 10003
[:06-26_03-01-18][:00000018] [INFO] webrouter service booted
[:06-26_03-01-18][:00000023] LAUNCH snlua gamedb 1
[:06-26_03-01-19][:00000023] [INFO] gamedb service booted
[:06-26_03-01-19][:00000024] LAUNCH snlua gamedb 2
[:06-26_03-01-19][:00000024] [INFO] gamedb service booted
[:06-26_03-01-19][:00000025] LAUNCH snlua gamedb 3
[:06-26_03-01-19][:00000025] [INFO] gamedb service booted
[:06-26_03-01-19][:00000026] LAUNCH snlua gamedb 4
[:06-26_03-01-20][:00000026] [INFO] gamedb service booted
[:06-26_03-01-20][:00000027] LAUNCH snlua logdb
[:06-26_03-01-20][:00000027] [INFO] logdb service booted
[:06-26_03-01-20][:00000028] LAUNCH snlua serversetter
[:06-26_03-01-20][:00000028] [INFO] serversetter service booted
[:06-26_03-01-20][:00000025] ==================== DbOperate {"module":"globaldb","cond":{"name":"svrsetter"},"cmd":"LoadGlobal"}
[:06-26_03-01-20][:00000029] LAUNCH snlua idsupply
[:06-26_03-01-20][:00000029] [INFO] idsupply service booted
[:06-26_03-01-20][:00000024] ==================== DbOperate {"module":"idcounter","cmd":"LoadPlayerIdCounter"}
[:06-26_03-01-20][:00000024] ==================== DbOperate {"module":"idcounter","cmd":"LoadOrgIdCounter"}
[:06-26_03-01-20][:00000024] ==================== DbOperate {"module":"idcounter","cmd":"LoadWarVideoIdCounter"}
[:06-26_03-01-20][:00000025] ==================== DbOperate {"module":"showid","cmd":"LoadAllShowId"}
[:06-26_03-01-20][:0000002a] LAUNCH snlua loginverify 1
[:06-26_03-01-21][:0000002a] [INFO] loginverify service booted
[:06-26_03-01-21][:0000002b] LAUNCH snlua loginverify 2
[:06-26_03-01-21][:0000002b] [INFO] loginverify service booted
[:06-26_03-01-21][:0000002c] LAUNCH snlua loginverify 3
[:06-26_03-01-21][:0000002c] [INFO] loginverify service booted
[:06-26_03-01-21][:0000002d] LAUNCH snlua loginverify 4
[:06-26_03-01-21][:0000002d] [INFO] loginverify service booted
[:06-26_03-01-21][:0000002e] LAUNCH snlua datacenter
[:06-26_03-01-21][:00000026] ==================== DbOperate {"module":"cbtpaydb","cmd":"LoadCbtPay"}
[:06-26_03-01-21][:0000002e] [INFO] datacenter service booted
[:06-26_03-01-21][:0000002f] LAUNCH snlua logfile
[:06-26_03-01-22][:0000002f] [INFO] logfile service booted
[:06-26_03-01-22][:00000030] LAUNCH snlua logmonitor
[:06-26_03-01-22][:00000030] [INFO] logmonitor service booted
[:06-26_03-01-22][:00000031] LAUNCH snlua redeemcode
[:06-26_03-01-22][:00000031] [INFO] redeemcode service booted
[:06-26_03-01-22][:00000032] LAUNCH snlua qrcode 10004
[:06-26_03-01-22][:00000033] LAUNCH zinc_gate S :00000032 10004 13 10000 -2271245531232191831
[:06-26_03-01-22][:00000032] [INFO] qrcode service booted
[:06-26_03-01-22][:00000034] LAUNCH snlua qrcode 10005
[:06-26_03-01-22][:00000035] LAUNCH zinc_gate S :00000034 10005 13 10000 -2271245531232191831
[:06-26_03-01-22][:00000034] [INFO] qrcode service booted
[:06-26_03-01-22][:00000036] LAUNCH snlua qrcode 10006
[:06-26_03-01-23][:00000037] LAUNCH zinc_gate S :00000036 10006 13 10000 -2271245531232191831
[:06-26_03-01-23][:00000036] [INFO] qrcode service booted
[:06-26_03-01-23][:00000038] LAUNCH snlua qrcode 10007
[:06-26_03-01-23][:00000039] LAUNCH zinc_gate S :00000038 10007 13 10000 -2271245531232191831
[:06-26_03-01-23][:00000038] [INFO] qrcode service booted
[:06-26_03-01-23][:0000003a] LAUNCH snlua qrcode 10008
[:06-26_03-01-23][:0000003b] LAUNCH zinc_gate S :0000003a 10008 13 10000 -2271245531232191831
[:06-26_03-01-23][:0000003a] [INFO] qrcode service booted
[:06-26_03-01-23][:0000003c] LAUNCH snlua qrcode 10009
[:06-26_03-01-23][:0000003d] LAUNCH zinc_gate S :0000003c 10009 13 10000 -2271245531232191831
[:06-26_03-01-23][:0000003c] [INFO] qrcode service booted
[:06-26_03-01-23][:0000003e] LAUNCH snlua pay 1
[:06-26_03-01-23][:0000003e] [INFO] pay service booted
[:06-26_03-01-23][:0000003f] LAUNCH snlua pay 2
[:06-26_03-01-23][:00000011] router服务端 网络消息 服务=router_s iCmd=101 fd=27.0 mData={"record":{"cmd":"RegisterGS2BS","srcsk":"gs10001","src":44,"module":"common","dessk":"bs","type":1,"des":".backend"},"data":{"serverkey":"dev_gs10001"}}
[:06-26_03-01-24][:0000003f] [INFO] pay service booted
[:06-26_03-01-24][:00000040] LAUNCH snlua pay 3
[:06-26_03-01-24][:00000013] router服务端 网络消息 服务=router_s iCmd=101 fd=28.0 mData={"record":{"module":"common","type":2,"srcsk":"gs10001","src":44,"cmd":"GetYunYingChannelAllInfo","dessk":"cs","session":1,"des":".backendinfo"},"data":{}}
[:06-26_03-01-24][:00000013] router服务端 网络消息 服务=router_s iCmd=101 fd=28.0 mData={"record":{"module":"common","type":2,"srcsk":"gs10001","src":44,"cmd":"SyncServerStatus","dessk":"cs","session":2,"des":".serversetter"},"data":{"gs10001":{"server_grade":59}}}
[:06-26_03-01-24][:00000013] router服务端 网络消息 服务=router_s iCmd=101 fd=10.0 mData={"record":{"type":3,"srcsk":"cs","src":40,"dessk":"gs10001","session":2,"des":44},"data":{"result":{"whitelist":{},"gs10001":{"heartbeat":1750906883,"server_grade":59}}}}
[:06-26_03-01-24][:00000040] [INFO] pay service booted
[:06-26_03-01-24][:00000041] LAUNCH snlua pay 4
[:06-26_03-01-24][:00000041] [INFO] pay service booted
[:06-26_03-01-24][:00000042] LAUNCH snlua backendinfo
[:06-26_03-01-24][:00000042] [INFO] backendinfo service booted
[:06-26_03-01-24][:00000023] ==================== DbOperate {"cmd":"LoadGlobal","cond":{"name":"backendinfo"},"module":"globaldb"}
[:06-26_03-01-24][:00000023] ==================== DbOperate {"cmd":"LoadGlobal","cond":{"name":"yunyingctrl"},"module":"globaldb"}
[:06-26_03-01-24][:00000043] LAUNCH snlua merger
[:06-26_03-01-24][:00000043] [INFO] merger service booted
[:06-26_03-01-24][:00000008] [INFO] cs all service booted
[:06-26_03-01-24][:00000008] KILL self
[:06-26_03-01-24][:00000002] KILL self
[:06-26_03-01-31][:00000013] router服务端 网络消息 服务=router_s iCmd=101 fd=28.0 mData={"record":{"module":"common","type":2,"srcsk":"gs10001","src":44,"cmd":"SyncServerStatus","dessk":"cs","session":3,"des":".serversetter"},"data":{"gs10001":{"server_grade":59}}}
[:06-26_03-01-31][:00000013] router服务端 网络消息 服务=router_s iCmd=101 fd=10.0 mData={"record":{"type":3,"srcsk":"cs","src":40,"dessk":"gs10001","session":3,"des":44},"data":{"result":{"whitelist":{},"gs10001":{"heartbeat":1750906891,"server_grade":59}}}}
[:06-26_03-01-36][:00000013] router服务端 网络消息 服务=router_s iCmd=101 fd=28.0 mData={"record":{"module":"common","type":2,"srcsk":"gs10001","src":32,"cmd":"Forward","dessk":"cs","session":2,"des":".serversetter"},"data":{"cmd":"GetSetterConfig","data":{"ver":0,"server_key":"dev_gs10001"}}}
[:06-26_03-01-36][:00000013] router服务端 网络消息 服务=router_s iCmd=101 fd=10.0 mData={"record":{"type":3,"srcsk":"cs","src":40,"dessk":"gs10001","session":2,"des":32},"data":{"errcode":0,"data":{"version":1,"link_server":{"dev_gs10001":1},"server_info":{"recommend":1,"is_show":1,"index":1,"is_new":1,"open_time":1506847941,"server_key":"dev_gs10001","run_state":1,"name":"开发服","desc":"服务器即将开放敬请期待","link_server":"dev_gs10001","type":"dev","area":1,"start_time":1506847941},"whitelist":{},"black_account":{},"black_ip":{}}}}
[:06-26_03-01-38][:00000013] router服务端 网络消息 服务=router_s iCmd=101 fd=28.0 mData={"record":{"module":"common","type":2,"srcsk":"gs10001","src":44,"cmd":"SyncServerStatus","dessk":"cs","session":4,"des":".serversetter"},"data":{"gs10001":{"server_grade":59}}}
[:06-26_03-01-38][:00000013] router服务端 网络消息 服务=router_s iCmd=101 fd=10.0 mData={"record":{"type":3,"srcsk":"cs","src":40,"dessk":"gs10001","session":4,"des":44},"data":{"result":{"whitelist":{},"gs10001":{"heartbeat":1750906895,"server_grade":59}}}}
[:06-26_03-01-45][:00000013] router服务端 网络消息 服务=router_s iCmd=101 fd=28.0 mData={"record":{"module":"common","type":2,"srcsk":"gs10001","src":44,"cmd":"SyncServerStatus","dessk":"cs","session":5,"des":".serversetter"},"data":{"gs10001":{"server_grade":59}}}
[:06-26_03-01-45][:00000013] router服务端 网络消息 服务=router_s iCmd=101 fd=10.0 mData={"record":{"type":3,"srcsk":"cs","src":40,"dessk":"gs10001","session":5,"des":44},"data":{"result":{"whitelist":{},"gs10001":{"heartbeat":1750906903,"server_grade":59}}}}
[:06-26_03-02-00][:00000013] router服务端 网络消息 服务=router_s iCmd=101 fd=28.0 mData={"record":{"module":"common","type":2,"srcsk":"gs10001","src":44,"cmd":"SyncServerStatus","dessk":"cs","session":6,"des":".serversetter"},"data":{"gs10001":{"server_grade":59}}}
[:06-26_03-02-00][:00000013] router服务端 网络消息 服务=router_s iCmd=101 fd=10.0 mData={"record":{"type":3,"srcsk":"cs","src":40,"dessk":"gs10001","session":6,"des":44},"data":{"result":{"whitelist":{},"gs10001":{"heartbeat":1750906919,"server_grade":59}}}}
[:06-26_03-02-06][:00000013] router服务端 网络消息 服务=router_s iCmd=101 fd=28.0 mData={"record":{"module":"common","type":2,"srcsk":"gs10001","src":32,"cmd":"Forward","dessk":"cs","session":3,"des":".serversetter"},"data":{"cmd":"GetSetterConfig","data":{"ver":1,"server_key":"dev_gs10001"}}}
[:06-26_03-02-06][:00000013] router服务端 网络消息 服务=router_s iCmd=101 fd=10.0 mData={"record":{"type":3,"srcsk":"cs","src":40,"dessk":"gs10001","session":3,"des":32},"data":{"errcode":0,"data":{"version":1}}}
[:06-26_03-02-09][:00000013] router服务端 网络消息 服务=router_s iCmd=101 fd=28.0 mData={"record":{"module":"common","type":2,"srcsk":"gs10001","src":44,"cmd":"SyncServerStatus","dessk":"cs","session":7,"des":".serversetter"},"data":{"gs10001":{"server_grade":59}}}
[:06-26_03-02-09][:00000013] router服务端 网络消息 服务=router_s iCmd=101 fd=10.0 mData={"record":{"type":3,"srcsk":"cs","src":40,"dessk":"gs10001","session":7,"des":44},"data":{"result":{"whitelist":{},"gs10001":{"heartbeat":1750906927,"server_grade":59}}}}
[:06-26_03-02-20][:00000013] router服务端 网络消息 服务=router_s iCmd=101 fd=28.0 mData={"record":{"module":"common","type":2,"srcsk":"gs10001","src":44,"cmd":"SyncServerStatus","dessk":"cs","session":8,"des":".serversetter"},"data":{"gs10001":{"server_grade":59}}}
[:06-26_03-02-20][:00000013] router服务端 网络消息 服务=router_s iCmd=101 fd=10.0 mData={"record":{"type":3,"srcsk":"cs","src":40,"dessk":"gs10001","session":8,"des":44},"data":{"result":{"whitelist":{},"gs10001":{"heartbeat":1750906939,"server_grade":59}}}}
[:06-26_03-02-20][:00000013] router服务端 网络消息 服务=router_s iCmd=101 fd=10.0 mData={"record":{"cmd":"CSGetOpenStatus","srcsk":"cs","src":40,"module":"common","dessk":"gs10001","type":1,"des":".login"},"data":{}}
[:06-26_03-02-20][:00000013] router服务端 网络消息 服务=router_s iCmd=101 fd=28.0 mData={"record":{"cmd":"GSSetOpenState","srcsk":"gs10001","src":32,"module":"common","dessk":"cs","type":1,"des":".serversetter"},"data":{"status":3,"server_key":"dev_gs10001"}}
[:06-26_03-02-29][:00000013] router服务端 网络消息 服务=router_s iCmd=101 fd=28.0 mData={"record":{"module":"common","type":2,"srcsk":"gs10001","src":44,"cmd":"SyncServerStatus","dessk":"cs","session":9,"des":".serversetter"},"data":{"gs10001":{"server_grade":59}}}
[:06-26_03-02-29][:00000013] router服务端 网络消息 服务=router_s iCmd=101 fd=10.0 mData={"record":{"type":3,"srcsk":"cs","src":40,"dessk":"gs10001","session":9,"des":44},"data":{"result":{"whitelist":{},"gs10001":{"heartbeat":1750906947,"server_grade":59}}}}
[:06-26_03-02-36][:00000013] router服务端 网络消息 服务=router_s iCmd=101 fd=28.0 mData={"record":{"module":"common","type":2,"srcsk":"gs10001","src":32,"cmd":"Forward","dessk":"cs","session":4,"des":".serversetter"},"data":{"cmd":"GetSetterConfig","data":{"ver":1,"server_key":"dev_gs10001"}}}
[:06-26_03-02-36][:00000013] router服务端 网络消息 服务=router_s iCmd=101 fd=10.0 mData={"record":{"type":3,"srcsk":"cs","src":40,"dessk":"gs10001","session":4,"des":32},"data":{"errcode":0,"data":{"version":1}}}
[:06-26_03-02-37][:00000013] router服务端 网络消息 服务=router_s iCmd=101 fd=28.0 mData={"record":{"module":"common","type":2,"srcsk":"gs10001","src":44,"cmd":"SyncServerStatus","dessk":"cs","session":10,"des":".serversetter"},"data":{"gs10001":{"server_grade":59}}}
[:06-26_03-02-37][:00000013] router服务端 网络消息 服务=router_s iCmd=101 fd=10.0 mData={"record":{"type":3,"srcsk":"cs","src":40,"dessk":"gs10001","session":10,"des":44},"data":{"result":{"whitelist":{},"gs10001":{"heartbeat":1750906955,"server_grade":59}}}}
[:06-26_03-02-46][:00000013] router服务端 网络消息 服务=router_s iCmd=101 fd=28.0 mData={"record":{"module":"common","type":2,"srcsk":"gs10001","src":44,"cmd":"SyncServerStatus","dessk":"cs","session":11,"des":".serversetter"},"data":{"gs10001":{"server_grade":59}}}
[:06-26_03-02-46][:00000013] router服务端 网络消息 服务=router_s iCmd=101 fd=10.0 mData={"record":{"type":3,"srcsk":"cs","src":40,"dessk":"gs10001","session":11,"des":44},"data":{"result":{"whitelist":{},"gs10001":{"heartbeat":1750906963,"server_grade":59}}}}
[:06-26_03-02-59][:00000013] router服务端 网络消息 服务=router_s iCmd=101 fd=28.0 mData={"record":{"module":"common","type":2,"srcsk":"gs10001","src":44,"cmd":"SyncServerStatus","dessk":"cs","session":12,"des":".serversetter"},"data":{"gs10001":{"server_grade":59}}}
[:06-26_03-02-59][:00000013] router服务端 网络消息 服务=router_s iCmd=101 fd=10.0 mData={"record":{"type":3,"srcsk":"cs","src":40,"dessk":"gs10001","session":12,"des":44},"data":{"result":{"whitelist":{},"gs10001":{"heartbeat":1750906979,"server_grade":59}}}}
[:06-26_03-03-06][:00000013] router服务端 网络消息 服务=router_s iCmd=101 fd=28.0 mData={"record":{"module":"common","type":2,"srcsk":"gs10001","src":32,"cmd":"Forward","dessk":"cs","session":5,"des":".serversetter"},"data":{"cmd":"GetSetterConfig","data":{"ver":1,"server_key":"dev_gs10001"}}}
[:06-26_03-03-06][:00000013] router服务端 网络消息 服务=router_s iCmd=101 fd=10.0 mData={"record":{"type":3,"srcsk":"cs","src":40,"dessk":"gs10001","session":5,"des":32},"data":{"errcode":0,"data":{"version":1}}}
[:06-26_03-03-08][:00000013] router服务端 网络消息 服务=router_s iCmd=101 fd=28.0 mData={"record":{"module":"common","type":2,"srcsk":"gs10001","src":44,"cmd":"SyncServerStatus","dessk":"cs","session":13,"des":".serversetter"},"data":{"gs10001":{"server_grade":59}}}
[:06-26_03-03-08][:00000013] router服务端 网络消息 服务=router_s iCmd=101 fd=10.0 mData={"record":{"type":3,"srcsk":"cs","src":40,"dessk":"gs10001","session":13,"des":44},"data":{"result":{"whitelist":{},"gs10001":{"heartbeat":1750906987,"server_grade":59}}}}
[:06-26_03-03-19][:00000013] router服务端 网络消息 服务=router_s iCmd=101 fd=28.0 mData={"record":{"module":"common","type":2,"srcsk":"gs10001","src":44,"cmd":"SyncServerStatus","dessk":"cs","session":14,"des":".serversetter"},"data":{"gs10001":{"server_grade":59}}}
[:06-26_03-03-19][:00000013] router服务端 网络消息 服务=router_s iCmd=101 fd=10.0 mData={"record":{"type":3,"srcsk":"cs","src":40,"dessk":"gs10001","session":14,"des":44},"data":{"result":{"whitelist":{},"gs10001":{"heartbeat":1750906999,"server_grade":59}}}}
[:06-26_03-03-20][:00000013] router服务端 网络消息 服务=router_s iCmd=101 fd=10.0 mData={"record":{"cmd":"CSGetOpenStatus","srcsk":"cs","src":40,"module":"common","dessk":"gs10001","type":1,"des":".login"},"data":{}}
[:06-26_03-03-20][:00000013] router服务端 网络消息 服务=router_s iCmd=101 fd=28.0 mData={"record":{"cmd":"GSSetOpenState","srcsk":"gs10001","src":32,"module":"common","dessk":"cs","type":1,"des":".serversetter"},"data":{"status":3,"server_key":"dev_gs10001"}}
[:06-26_03-03-29][:00000013] router服务端 网络消息 服务=router_s iCmd=101 fd=28.0 mData={"record":{"module":"common","type":2,"srcsk":"gs10001","src":44,"cmd":"SyncServerStatus","dessk":"cs","session":15,"des":".serversetter"},"data":{"gs10001":{"server_grade":59}}}
[:06-26_03-03-29][:00000013] router服务端 网络消息 服务=router_s iCmd=101 fd=10.0 mData={"record":{"type":3,"srcsk":"cs","src":40,"dessk":"gs10001","session":15,"des":44},"data":{"result":{"whitelist":{},"gs10001":{"heartbeat":1750907007,"server_grade":59}}}}
[:06-26_03-03-36][:00000013] router服务端 网络消息 服务=router_s iCmd=101 fd=28.0 mData={"record":{"module":"common","type":2,"srcsk":"gs10001","src":32,"cmd":"Forward","dessk":"cs","session":6,"des":".serversetter"},"data":{"cmd":"GetSetterConfig","data":{"ver":1,"server_key":"dev_gs10001"}}}
[:06-26_03-03-36][:00000013] router服务端 网络消息 服务=router_s iCmd=101 fd=10.0 mData={"record":{"type":3,"srcsk":"cs","src":40,"dessk":"gs10001","session":6,"des":32},"data":{"errcode":0,"data":{"version":1}}}
[:06-26_03-03-41][:00000013] router服务端 网络消息 服务=router_s iCmd=101 fd=28.0 mData={"record":{"module":"common","type":2,"srcsk":"gs10001","src":44,"cmd":"SyncServerStatus","dessk":"cs","session":16,"des":".serversetter"},"data":{"gs10001":{"server_grade":59}}}
[:06-26_03-03-41][:00000013] router服务端 网络消息 服务=router_s iCmd=101 fd=10.0 mData={"record":{"type":3,"srcsk":"cs","src":40,"dessk":"gs10001","session":16,"des":44},"data":{"result":{"whitelist":{},"gs10001":{"heartbeat":1750907019,"server_grade":59}}}}
[:06-26_03-03-52][:00000013] router服务端 网络消息 服务=router_s iCmd=101 fd=28.0 mData={"record":{"module":"common","type":2,"srcsk":"gs10001","src":44,"cmd":"SyncServerStatus","dessk":"cs","session":17,"des":".serversetter"},"data":{"gs10001":{"server_grade":59}}}
[:06-26_03-03-52][:00000013] router服务端 网络消息 服务=router_s iCmd=101 fd=10.0 mData={"record":{"type":3,"srcsk":"cs","src":40,"dessk":"gs10001","session":17,"des":44},"data":{"result":{"whitelist":{},"gs10001":{"heartbeat":1750907031,"server_grade":59}}}}
[:06-26_03-04-05][:00000013] router服务端 网络消息 服务=router_s iCmd=101 fd=28.0 mData={"record":{"module":"common","type":2,"srcsk":"gs10001","src":44,"cmd":"SyncServerStatus","dessk":"cs","session":18,"des":".serversetter"},"data":{"gs10001":{"server_grade":59}}}
[:06-26_03-04-05][:00000013] router服务端 网络消息 服务=router_s iCmd=101 fd=10.0 mData={"record":{"type":3,"srcsk":"cs","src":40,"dessk":"gs10001","session":18,"des":44},"data":{"result":{"whitelist":{},"gs10001":{"heartbeat":1750907043,"server_grade":59}}}}
[:06-26_03-04-06][:00000013] router服务端 网络消息 服务=router_s iCmd=101 fd=28.0 mData={"record":{"module":"common","type":2,"srcsk":"gs10001","src":32,"cmd":"Forward","dessk":"cs","session":7,"des":".serversetter"},"data":{"cmd":"GetSetterConfig","data":{"ver":1,"server_key":"dev_gs10001"}}}
[:06-26_03-04-06][:00000013] router服务端 网络消息 服务=router_s iCmd=101 fd=10.0 mData={"record":{"type":3,"srcsk":"cs","src":40,"dessk":"gs10001","session":7,"des":32},"data":{"errcode":0,"data":{"version":1}}}
[:06-26_03-04-15][:00000013] router服务端 网络消息 服务=router_s iCmd=101 fd=28.0 mData={"record":{"module":"common","type":2,"srcsk":"gs10001","src":44,"cmd":"SyncServerStatus","dessk":"cs","session":19,"des":".serversetter"},"data":{"gs10001":{"server_grade":59}}}
[:06-26_03-04-15][:00000013] router服务端 网络消息 服务=router_s iCmd=101 fd=10.0 mData={"record":{"type":3,"srcsk":"cs","src":40,"dessk":"gs10001","session":19,"des":44},"data":{"result":{"whitelist":{},"gs10001":{"heartbeat":1750907055,"server_grade":59}}}}
[:06-26_03-04-20][:00000013] router服务端 网络消息 服务=router_s iCmd=101 fd=10.0 mData={"record":{"cmd":"CSGetOpenStatus","srcsk":"cs","src":40,"module":"common","dessk":"gs10001","type":1,"des":".login"},"data":{}}
[:06-26_03-04-20][:00000013] router服务端 网络消息 服务=router_s iCmd=101 fd=28.0 mData={"record":{"cmd":"GSSetOpenState","srcsk":"gs10001","src":32,"module":"common","dessk":"cs","type":1,"des":".serversetter"},"data":{"status":3,"server_key":"dev_gs10001"}}
[:06-26_03-04-28][:00000013] router服务端 网络消息 服务=router_s iCmd=101 fd=28.0 mData={"record":{"module":"common","type":2,"srcsk":"gs10001","src":44,"cmd":"SyncServerStatus","dessk":"cs","session":20,"des":".serversetter"},"data":{"gs10001":{"server_grade":59}}}
[:06-26_03-04-28][:00000013] router服务端 网络消息 服务=router_s iCmd=101 fd=10.0 mData={"record":{"type":3,"srcsk":"cs","src":40,"dessk":"gs10001","session":20,"des":44},"data":{"result":{"whitelist":{},"gs10001":{"heartbeat":1750907067,"server_grade":59}}}}
[:06-26_03-04-36][:00000013] router服务端 网络消息 服务=router_s iCmd=101 fd=28.0 mData={"record":{"module":"common","type":2,"srcsk":"gs10001","src":32,"cmd":"Forward","dessk":"cs","session":8,"des":".serversetter"},"data":{"cmd":"GetSetterConfig","data":{"ver":1,"server_key":"dev_gs10001"}}}
[:06-26_03-04-36][:00000013] router服务端 网络消息 服务=router_s iCmd=101 fd=10.0 mData={"record":{"type":3,"srcsk":"cs","src":40,"dessk":"gs10001","session":8,"des":32},"data":{"errcode":0,"data":{"version":1}}}
[:06-26_03-04-41][:00000013] router服务端 网络消息 服务=router_s iCmd=101 fd=28.0 mData={"record":{"module":"common","type":2,"srcsk":"gs10001","src":44,"cmd":"SyncServerStatus","dessk":"cs","session":21,"des":".serversetter"},"data":{"gs10001":{"server_grade":59}}}
[:06-26_03-04-41][:00000013] router服务端 网络消息 服务=router_s iCmd=101 fd=10.0 mData={"record":{"type":3,"srcsk":"cs","src":40,"dessk":"gs10001","session":21,"des":44},"data":{"result":{"whitelist":{},"gs10001":{"heartbeat":1750907079,"server_grade":59}}}}
[:06-26_03-04-52][:00000013] router服务端 网络消息 服务=router_s iCmd=101 fd=28.0 mData={"record":{"module":"common","type":2,"srcsk":"gs10001","src":44,"cmd":"SyncServerStatus","dessk":"cs","session":22,"des":".serversetter"},"data":{"gs10001":{"server_grade":59}}}
[:06-26_03-04-52][:00000013] router服务端 网络消息 服务=router_s iCmd=101 fd=10.0 mData={"record":{"type":3,"srcsk":"cs","src":40,"dessk":"gs10001","session":22,"des":44},"data":{"result":{"whitelist":{},"gs10001":{"heartbeat":1750907091,"server_grade":59}}}}
[:06-26_03-05-01][:00000013] router服务端 网络消息 服务=router_s iCmd=101 fd=28.0 mData={"record":{"module":"common","type":2,"srcsk":"gs10001","src":44,"cmd":"SyncServerStatus","dessk":"cs","session":23,"des":".serversetter"},"data":{"gs10001":{"server_grade":59}}}
[:06-26_03-05-01][:00000013] router服务端 网络消息 服务=router_s iCmd=101 fd=10.0 mData={"record":{"type":3,"srcsk":"cs","src":40,"dessk":"gs10001","session":23,"des":44},"data":{"result":{"whitelist":{},"gs10001":{"heartbeat":1750907099,"server_grade":59}}}}
[:06-26_03-05-06][:00000013] router服务端 网络消息 服务=router_s iCmd=101 fd=28.0 mData={"record":{"module":"common","type":2,"srcsk":"gs10001","src":32,"cmd":"Forward","dessk":"cs","session":9,"des":".serversetter"},"data":{"cmd":"GetSetterConfig","data":{"ver":1,"server_key":"dev_gs10001"}}}
[:06-26_03-05-06][:00000013] router服务端 网络消息 服务=router_s iCmd=101 fd=10.0 mData={"record":{"type":3,"srcsk":"cs","src":40,"dessk":"gs10001","session":9,"des":32},"data":{"errcode":0,"data":{"version":1}}}
[:06-26_03-05-10][:00000013] router服务端 网络消息 服务=router_s iCmd=101 fd=28.0 mData={"record":{"module":"common","type":2,"srcsk":"gs10001","src":44,"cmd":"SyncServerStatus","dessk":"cs","session":24,"des":".serversetter"},"data":{"gs10001":{"server_grade":59}}}
[:06-26_03-05-10][:00000013] router服务端 网络消息 服务=router_s iCmd=101 fd=10.0 mData={"record":{"type":3,"srcsk":"cs","src":40,"dessk":"gs10001","session":24,"des":44},"data":{"result":{"whitelist":{},"gs10001":{"heartbeat":1750907107,"server_grade":59}}}}
[:06-26_03-05-20][:00000013] router服务端 网络消息 服务=router_s iCmd=101 fd=10.0 mData={"record":{"cmd":"CSGetOpenStatus","srcsk":"cs","src":40,"module":"common","dessk":"gs10001","type":1,"des":".login"},"data":{}}
[:06-26_03-05-20][:00000013] router服务端 网络消息 服务=router_s iCmd=101 fd=28.0 mData={"record":{"cmd":"GSSetOpenState","srcsk":"gs10001","src":32,"module":"common","dessk":"cs","type":1,"des":".serversetter"},"data":{"status":3,"server_key":"dev_gs10001"}}
[:06-26_03-05-21][:00000013] router服务端 网络消息 服务=router_s iCmd=101 fd=28.0 mData={"record":{"module":"common","type":2,"srcsk":"gs10001","src":44,"cmd":"SyncServerStatus","dessk":"cs","session":25,"des":".serversetter"},"data":{"gs10001":{"server_grade":59}}}
[:06-26_03-05-21][:00000013] router服务端 网络消息 服务=router_s iCmd=101 fd=10.0 mData={"record":{"type":3,"srcsk":"cs","src":40,"dessk":"gs10001","session":25,"des":44},"data":{"result":{"whitelist":{},"gs10001":{"heartbeat":1750907119,"server_grade":59}}}}
[:06-26_03-05-33][:00000013] router服务端 网络消息 服务=router_s iCmd=101 fd=28.0 mData={"record":{"module":"common","type":2,"srcsk":"gs10001","src":44,"cmd":"SyncServerStatus","dessk":"cs","session":26,"des":".serversetter"},"data":{"gs10001":{"server_grade":59}}}
[:06-26_03-05-33][:00000013] router服务端 网络消息 服务=router_s iCmd=101 fd=10.0 mData={"record":{"type":3,"srcsk":"cs","src":40,"dessk":"gs10001","session":26,"des":44},"data":{"result":{"whitelist":{},"gs10001":{"heartbeat":1750907131,"server_grade":59}}}}
[:06-26_03-05-36][:00000013] router服务端 网络消息 服务=router_s iCmd=101 fd=28.0 mData={"record":{"module":"common","type":2,"srcsk":"gs10001","src":32,"cmd":"Forward","dessk":"cs","session":10,"des":".serversetter"},"data":{"cmd":"GetSetterConfig","data":{"ver":1,"server_key":"dev_gs10001"}}}
[:06-26_03-05-36][:00000013] router服务端 网络消息 服务=router_s iCmd=101 fd=10.0 mData={"record":{"type":3,"srcsk":"cs","src":40,"dessk":"gs10001","session":10,"des":32},"data":{"errcode":0,"data":{"version":1}}}
[:06-26_03-05-40][:00000013] router服务端 网络消息 服务=router_s iCmd=101 fd=28.0 mData={"record":{"module":"common","type":2,"srcsk":"gs10001","src":44,"cmd":"SyncServerStatus","dessk":"cs","session":27,"des":".serversetter"},"data":{"gs10001":{"server_grade":59}}}
[:06-26_03-05-40][:00000013] router服务端 网络消息 服务=router_s iCmd=101 fd=10.0 mData={"record":{"type":3,"srcsk":"cs","src":40,"dessk":"gs10001","session":27,"des":44},"data":{"result":{"whitelist":{},"gs10001":{"heartbeat":1750907139,"server_grade":59}}}}
[:06-26_03-05-55][:00000013] router服务端 网络消息 服务=router_s iCmd=101 fd=28.0 mData={"record":{"module":"common","type":2,"srcsk":"gs10001","src":44,"cmd":"SyncServerStatus","dessk":"cs","session":28,"des":".serversetter"},"data":{"gs10001":{"server_grade":59}}}
[:06-26_03-05-55][:00000013] router服务端 网络消息 服务=router_s iCmd=101 fd=10.0 mData={"record":{"type":3,"srcsk":"cs","src":40,"dessk":"gs10001","session":28,"des":44},"data":{"result":{"whitelist":{},"gs10001":{"heartbeat":1750907155,"server_grade":59}}}}
[:06-26_03-06-05][:00000013] router服务端 网络消息 服务=router_s iCmd=101 fd=28.0 mData={"record":{"module":"common","type":2,"srcsk":"gs10001","src":44,"cmd":"SyncServerStatus","dessk":"cs","session":29,"des":".serversetter"},"data":{"gs10001":{"server_grade":59}}}
[:06-26_03-06-05][:00000013] router服务端 网络消息 服务=router_s iCmd=101 fd=10.0 mData={"record":{"type":3,"srcsk":"cs","src":40,"dessk":"gs10001","session":29,"des":44},"data":{"result":{"whitelist":{},"gs10001":{"heartbeat":1750907163,"server_grade":59}}}}
[:06-26_03-06-06][:00000013] router服务端 网络消息 服务=router_s iCmd=101 fd=28.0 mData={"record":{"module":"common","type":2,"srcsk":"gs10001","src":32,"cmd":"Forward","dessk":"cs","session":11,"des":".serversetter"},"data":{"cmd":"GetSetterConfig","data":{"ver":1,"server_key":"dev_gs10001"}}}
[:06-26_03-06-06][:00000013] router服务端 网络消息 服务=router_s iCmd=101 fd=10.0 mData={"record":{"type":3,"srcsk":"cs","src":40,"dessk":"gs10001","session":11,"des":32},"data":{"errcode":0,"data":{"version":1}}}
[:06-26_03-06-20][:00000013] router服务端 网络消息 服务=router_s iCmd=101 fd=28.0 mData={"record":{"module":"common","type":2,"srcsk":"gs10001","src":44,"cmd":"SyncServerStatus","dessk":"cs","session":30,"des":".serversetter"},"data":{"gs10001":{"server_grade":59}}}
[:06-26_03-06-20][:00000013] router服务端 网络消息 服务=router_s iCmd=101 fd=10.0 mData={"record":{"type":3,"srcsk":"cs","src":40,"dessk":"gs10001","session":30,"des":44},"data":{"result":{"whitelist":{},"gs10001":{"heartbeat":1750907179,"server_grade":59}}}}
[:06-26_03-06-20][:00000013] router服务端 网络消息 服务=router_s iCmd=101 fd=10.0 mData={"record":{"cmd":"CSGetOpenStatus","srcsk":"cs","src":40,"module":"common","dessk":"gs10001","type":1,"des":".login"},"data":{}}
[:06-26_03-06-20][:00000013] router服务端 网络消息 服务=router_s iCmd=101 fd=28.0 mData={"record":{"cmd":"GSSetOpenState","srcsk":"gs10001","src":32,"module":"common","dessk":"cs","type":1,"des":".serversetter"},"data":{"status":3,"server_key":"dev_gs10001"}}
[:06-26_03-06-28][:00000013] router服务端 网络消息 服务=router_s iCmd=101 fd=28.0 mData={"record":{"module":"common","type":2,"srcsk":"gs10001","src":44,"cmd":"SyncServerStatus","dessk":"cs","session":31,"des":".serversetter"},"data":{"gs10001":{"server_grade":59}}}
[:06-26_03-06-28][:00000013] router服务端 网络消息 服务=router_s iCmd=101 fd=10.0 mData={"record":{"type":3,"srcsk":"cs","src":40,"dessk":"gs10001","session":31,"des":44},"data":{"result":{"whitelist":{},"gs10001":{"heartbeat":1750907187,"server_grade":59}}}}
[:06-26_03-06-36][:00000013] router服务端 网络消息 服务=router_s iCmd=101 fd=28.0 mData={"record":{"module":"common","type":2,"srcsk":"gs10001","src":32,"cmd":"Forward","dessk":"cs","session":12,"des":".serversetter"},"data":{"cmd":"GetSetterConfig","data":{"ver":1,"server_key":"dev_gs10001"}}}
[:06-26_03-06-36][:00000013] router服务端 网络消息 服务=router_s iCmd=101 fd=10.0 mData={"record":{"type":3,"srcsk":"cs","src":40,"dessk":"gs10001","session":12,"des":32},"data":{"errcode":0,"data":{"version":1}}}
[:06-26_03-06-40][:00000013] router服务端 网络消息 服务=router_s iCmd=101 fd=28.0 mData={"record":{"module":"common","type":2,"srcsk":"gs10001","src":44,"cmd":"SyncServerStatus","dessk":"cs","session":32,"des":".serversetter"},"data":{"gs10001":{"server_grade":59}}}
[:06-26_03-06-40][:00000013] router服务端 网络消息 服务=router_s iCmd=101 fd=10.0 mData={"record":{"type":3,"srcsk":"cs","src":40,"dessk":"gs10001","session":32,"des":44},"data":{"result":{"whitelist":{},"gs10001":{"heartbeat":1750907199,"server_grade":59}}}}
[:06-26_03-06-55][:00000013] router服务端 网络消息 服务=router_s iCmd=101 fd=28.0 mData={"record":{"module":"common","type":2,"srcsk":"gs10001","src":44,"cmd":"SyncServerStatus","dessk":"cs","session":33,"des":".serversetter"},"data":{"gs10001":{"server_grade":59}}}
[:06-26_03-06-55][:00000013] router服务端 网络消息 服务=router_s iCmd=101 fd=10.0 mData={"record":{"type":3,"srcsk":"cs","src":40,"dessk":"gs10001","session":33,"des":44},"data":{"result":{"whitelist":{},"gs10001":{"heartbeat":1750907215,"server_grade":59}}}}
[:06-26_03-07-05][:00000013] router服务端 网络消息 服务=router_s iCmd=101 fd=28.0 mData={"record":{"module":"common","type":2,"srcsk":"gs10001","src":44,"cmd":"SyncServerStatus","dessk":"cs","session":34,"des":".serversetter"},"data":{"gs10001":{"server_grade":59}}}
[:06-26_03-07-05][:00000013] router服务端 网络消息 服务=router_s iCmd=101 fd=10.0 mData={"record":{"type":3,"srcsk":"cs","src":40,"dessk":"gs10001","session":34,"des":44},"data":{"result":{"whitelist":{},"gs10001":{"heartbeat":1750907223,"server_grade":59}}}}
[:06-26_03-07-06][:00000013] router服务端 网络消息 服务=router_s iCmd=101 fd=28.0 mData={"record":{"module":"common","type":2,"srcsk":"gs10001","src":32,"cmd":"Forward","dessk":"cs","session":13,"des":".serversetter"},"data":{"cmd":"GetSetterConfig","data":{"ver":1,"server_key":"dev_gs10001"}}}
[:06-26_03-07-06][:00000013] router服务端 网络消息 服务=router_s iCmd=101 fd=10.0 mData={"record":{"type":3,"srcsk":"cs","src":40,"dessk":"gs10001","session":13,"des":32},"data":{"errcode":0,"data":{"version":1}}}
[:06-26_03-07-19][:00000013] router服务端 网络消息 服务=router_s iCmd=101 fd=28.0 mData={"record":{"module":"common","type":2,"srcsk":"gs10001","src":44,"cmd":"SyncServerStatus","dessk":"cs","session":35,"des":".serversetter"},"data":{"gs10001":{"server_grade":59}}}
[:06-26_03-07-19][:00000013] router服务端 网络消息 服务=router_s iCmd=101 fd=10.0 mData={"record":{"type":3,"srcsk":"cs","src":40,"dessk":"gs10001","session":35,"des":44},"data":{"result":{"whitelist":{},"gs10001":{"heartbeat":1750907239,"server_grade":59}}}}
[:06-26_03-07-20][:00000013] router服务端 网络消息 服务=router_s iCmd=101 fd=10.0 mData={"record":{"cmd":"CSGetOpenStatus","srcsk":"cs","src":40,"module":"common","dessk":"gs10001","type":1,"des":".login"},"data":{}}
[:06-26_03-07-20][:00000013] router服务端 网络消息 服务=router_s iCmd=101 fd=28.0 mData={"record":{"cmd":"GSSetOpenState","srcsk":"gs10001","src":32,"module":"common","dessk":"cs","type":1,"des":".serversetter"},"data":{"status":3,"server_key":"dev_gs10001"}}
[:06-26_03-07-34][:00000013] router服务端 网络消息 服务=router_s iCmd=101 fd=28.0 mData={"record":{"module":"common","type":2,"srcsk":"gs10001","src":44,"cmd":"SyncServerStatus","dessk":"cs","session":36,"des":".serversetter"},"data":{"gs10001":{"server_grade":59}}}
[:06-26_03-07-34][:00000013] router服务端 网络消息 服务=router_s iCmd=101 fd=10.0 mData={"record":{"type":3,"srcsk":"cs","src":40,"dessk":"gs10001","session":36,"des":44},"data":{"result":{"whitelist":{},"gs10001":{"heartbeat":1750907251,"server_grade":59}}}}
[:06-26_03-07-36][:00000013] router服务端 网络消息 服务=router_s iCmd=101 fd=28.0 mData={"record":{"module":"common","type":2,"srcsk":"gs10001","src":32,"cmd":"Forward","dessk":"cs","session":14,"des":".serversetter"},"data":{"cmd":"GetSetterConfig","data":{"ver":1,"server_key":"dev_gs10001"}}}
[:06-26_03-07-36][:00000013] router服务端 网络消息 服务=router_s iCmd=101 fd=10.0 mData={"record":{"type":3,"srcsk":"cs","src":40,"dessk":"gs10001","session":14,"des":32},"data":{"errcode":0,"data":{"version":1}}}
[:06-26_03-07-44][:00000013] router服务端 网络消息 服务=router_s iCmd=101 fd=28.0 mData={"record":{"module":"common","type":2,"srcsk":"gs10001","src":44,"cmd":"SyncServerStatus","dessk":"cs","session":37,"des":".serversetter"},"data":{"gs10001":{"server_grade":59}}}
[:06-26_03-07-44][:00000013] router服务端 网络消息 服务=router_s iCmd=101 fd=10.0 mData={"record":{"type":3,"srcsk":"cs","src":40,"dessk":"gs10001","session":37,"des":44},"data":{"result":{"whitelist":{},"gs10001":{"heartbeat":1750907263,"server_grade":59}}}}
[:06-26_03-07-53][:00000013] router服务端 网络消息 服务=router_s iCmd=101 fd=28.0 mData={"record":{"module":"common","type":2,"srcsk":"gs10001","src":44,"cmd":"SyncServerStatus","dessk":"cs","session":38,"des":".serversetter"},"data":{"gs10001":{"server_grade":59}}}
[:06-26_03-07-53][:00000013] router服务端 网络消息 服务=router_s iCmd=101 fd=10.0 mData={"record":{"type":3,"srcsk":"cs","src":40,"dessk":"gs10001","session":38,"des":44},"data":{"result":{"whitelist":{},"gs10001":{"heartbeat":1750907271,"server_grade":59}}}}
[:06-26_03-08-06][:00000013] router服务端 网络消息 服务=router_s iCmd=101 fd=28.0 mData={"record":{"module":"common","type":2,"srcsk":"gs10001","src":44,"cmd":"SyncServerStatus","dessk":"cs","session":39,"des":".serversetter"},"data":{"gs10001":{"server_grade":59}}}
[:06-26_03-08-06][:00000013] router服务端 网络消息 服务=router_s iCmd=101 fd=10.0 mData={"record":{"type":3,"srcsk":"cs","src":40,"dessk":"gs10001","session":39,"des":44},"data":{"result":{"whitelist":{},"gs10001":{"heartbeat":1750907283,"server_grade":59}}}}
[:06-26_03-08-06][:00000013] router服务端 网络消息 服务=router_s iCmd=101 fd=28.0 mData={"record":{"module":"common","type":2,"srcsk":"gs10001","src":32,"cmd":"Forward","dessk":"cs","session":15,"des":".serversetter"},"data":{"cmd":"GetSetterConfig","data":{"ver":1,"server_key":"dev_gs10001"}}}
[:06-26_03-08-06][:00000013] router服务端 网络消息 服务=router_s iCmd=101 fd=10.0 mData={"record":{"type":3,"srcsk":"cs","src":40,"dessk":"gs10001","session":15,"des":32},"data":{"errcode":0,"data":{"version":1}}}
[:06-26_03-08-20][:00000013] router服务端 网络消息 服务=router_s iCmd=101 fd=10.0 mData={"record":{"cmd":"CSGetOpenStatus","srcsk":"cs","src":40,"module":"common","dessk":"gs10001","type":1,"des":".login"},"data":{}}
[:06-26_03-08-20][:00000013] router服务端 网络消息 服务=router_s iCmd=101 fd=28.0 mData={"record":{"cmd":"GSSetOpenState","srcsk":"gs10001","src":32,"module":"common","dessk":"cs","type":1,"des":".serversetter"},"data":{"status":3,"server_key":"dev_gs10001"}}
[:06-26_03-08-21][:00000013] router服务端 网络消息 服务=router_s iCmd=101 fd=28.0 mData={"record":{"module":"common","type":2,"srcsk":"gs10001","src":44,"cmd":"SyncServerStatus","dessk":"cs","session":40,"des":".serversetter"},"data":{"gs10001":{"server_grade":59}}}
[:06-26_03-08-21][:00000013] router服务端 网络消息 服务=router_s iCmd=101 fd=10.0 mData={"record":{"type":3,"srcsk":"cs","src":40,"dessk":"gs10001","session":40,"des":44},"data":{"result":{"whitelist":{},"gs10001":{"heartbeat":1750907299,"server_grade":59}}}}
[:06-26_03-08-35][:00000013] router服务端 网络消息 服务=router_s iCmd=101 fd=28.0 mData={"record":{"module":"common","type":2,"srcsk":"gs10001","src":44,"cmd":"SyncServerStatus","dessk":"cs","session":41,"des":".serversetter"},"data":{"gs10001":{"server_grade":59}}}
[:06-26_03-08-35][:00000013] router服务端 网络消息 服务=router_s iCmd=101 fd=10.0 mData={"record":{"type":3,"srcsk":"cs","src":40,"dessk":"gs10001","session":41,"des":44},"data":{"result":{"whitelist":{},"gs10001":{"heartbeat":1750907315,"server_grade":59}}}}
[:06-26_03-08-36][:00000013] router服务端 网络消息 服务=router_s iCmd=101 fd=28.0 mData={"record":{"module":"common","type":2,"srcsk":"gs10001","src":32,"cmd":"Forward","dessk":"cs","session":16,"des":".serversetter"},"data":{"cmd":"GetSetterConfig","data":{"ver":1,"server_key":"dev_gs10001"}}}
[:06-26_03-08-36][:00000013] router服务端 网络消息 服务=router_s iCmd=101 fd=10.0 mData={"record":{"type":3,"srcsk":"cs","src":40,"dessk":"gs10001","session":16,"des":32},"data":{"errcode":0,"data":{"version":1}}}
[:06-26_03-08-49][:00000013] router服务端 网络消息 服务=router_s iCmd=101 fd=28.0 mData={"record":{"module":"common","type":2,"srcsk":"gs10001","src":44,"cmd":"SyncServerStatus","dessk":"cs","session":42,"des":".serversetter"},"data":{"gs10001":{"server_grade":59}}}
[:06-26_03-08-49][:00000013] router服务端 网络消息 服务=router_s iCmd=101 fd=10.0 mData={"record":{"type":3,"srcsk":"cs","src":40,"dessk":"gs10001","session":42,"des":44},"data":{"result":{"whitelist":{},"gs10001":{"heartbeat":1750907327,"server_grade":59}}}}
[:06-26_03-08-56][:00000013] router服务端 网络消息 服务=router_s iCmd=101 fd=28.0 mData={"record":{"module":"common","type":2,"srcsk":"gs10001","src":44,"cmd":"SyncServerStatus","dessk":"cs","session":43,"des":".serversetter"},"data":{"gs10001":{"server_grade":59}}}
[:06-26_03-08-56][:00000013] router服务端 网络消息 服务=router_s iCmd=101 fd=10.0 mData={"record":{"type":3,"srcsk":"cs","src":40,"dessk":"gs10001","session":43,"des":44},"data":{"result":{"whitelist":{},"gs10001":{"heartbeat":1750907335,"server_grade":59}}}}
[:06-26_03-09-06][:00000013] router服务端 网络消息 服务=router_s iCmd=101 fd=28.0 mData={"record":{"module":"common","type":2,"srcsk":"gs10001","src":32,"cmd":"Forward","dessk":"cs","session":17,"des":".serversetter"},"data":{"cmd":"GetSetterConfig","data":{"ver":1,"server_key":"dev_gs10001"}}}
[:06-26_03-09-06][:00000013] router服务端 网络消息 服务=router_s iCmd=101 fd=10.0 mData={"record":{"type":3,"srcsk":"cs","src":40,"dessk":"gs10001","session":17,"des":32},"data":{"errcode":0,"data":{"version":1}}}
[:06-26_03-09-11][:00000013] router服务端 网络消息 服务=router_s iCmd=101 fd=28.0 mData={"record":{"module":"common","type":2,"srcsk":"gs10001","src":44,"cmd":"SyncServerStatus","dessk":"cs","session":44,"des":".serversetter"},"data":{"gs10001":{"server_grade":59}}}
[:06-26_03-09-11][:00000013] router服务端 网络消息 服务=router_s iCmd=101 fd=10.0 mData={"record":{"type":3,"srcsk":"cs","src":40,"dessk":"gs10001","session":44,"des":44},"data":{"result":{"whitelist":{},"gs10001":{"heartbeat":1750907351,"server_grade":59}}}}
[:06-26_03-09-20][:00000013] router服务端 网络消息 服务=router_s iCmd=101 fd=10.0 mData={"record":{"cmd":"CSGetOpenStatus","srcsk":"cs","src":40,"module":"common","dessk":"gs10001","type":1,"des":".login"},"data":{}}
[:06-26_03-09-20][:00000013] router服务端 网络消息 服务=router_s iCmd=101 fd=28.0 mData={"record":{"cmd":"GSSetOpenState","srcsk":"gs10001","src":32,"module":"common","dessk":"cs","type":1,"des":".serversetter"},"data":{"status":3,"server_key":"dev_gs10001"}}
[:06-26_03-09-26][:00000013] router服务端 网络消息 服务=router_s iCmd=101 fd=28.0 mData={"record":{"module":"common","type":2,"srcsk":"gs10001","src":44,"cmd":"SyncServerStatus","dessk":"cs","session":45,"des":".serversetter"},"data":{"gs10001":{"server_grade":59}}}
[:06-26_03-09-26][:00000013] router服务端 网络消息 服务=router_s iCmd=101 fd=10.0 mData={"record":{"type":3,"srcsk":"cs","src":40,"dessk":"gs10001","session":45,"des":44},"data":{"result":{"whitelist":{},"gs10001":{"heartbeat":1750907363,"server_grade":59}}}}
[:06-26_03-09-36][:00000013] router服务端 网络消息 服务=router_s iCmd=101 fd=28.0 mData={"record":{"module":"common","type":2,"srcsk":"gs10001","src":32,"cmd":"Forward","dessk":"cs","session":18,"des":".serversetter"},"data":{"cmd":"GetSetterConfig","data":{"ver":1,"server_key":"dev_gs10001"}}}
[:06-26_03-09-36][:00000013] router服务端 网络消息 服务=router_s iCmd=101 fd=10.0 mData={"record":{"type":3,"srcsk":"cs","src":40,"dessk":"gs10001","session":18,"des":32},"data":{"errcode":0,"data":{"version":1}}}
[:06-26_03-09-37][:00000013] router服务端 网络消息 服务=router_s iCmd=101 fd=28.0 mData={"record":{"module":"common","type":2,"srcsk":"gs10001","src":44,"cmd":"SyncServerStatus","dessk":"cs","session":46,"des":".serversetter"},"data":{"gs10001":{"server_grade":59}}}
[:06-26_03-09-37][:00000013] router服务端 网络消息 服务=router_s iCmd=101 fd=10.0 mData={"record":{"type":3,"srcsk":"cs","src":40,"dessk":"gs10001","session":46,"des":44},"data":{"result":{"whitelist":{},"gs10001":{"heartbeat":1750907375,"server_grade":59}}}}
[:06-26_03-09-46][:00000013] router服务端 网络消息 服务=router_s iCmd=101 fd=28.0 mData={"record":{"module":"common","type":2,"srcsk":"gs10001","src":44,"cmd":"SyncServerStatus","dessk":"cs","session":47,"des":".serversetter"},"data":{"gs10001":{"server_grade":59}}}
[:06-26_03-09-46][:00000013] router服务端 网络消息 服务=router_s iCmd=101 fd=10.0 mData={"record":{"type":3,"srcsk":"cs","src":40,"dessk":"gs10001","session":47,"des":44},"data":{"result":{"whitelist":{},"gs10001":{"heartbeat":1750907383,"server_grade":59}}}}
[:06-26_03-09-58][:00000013] router服务端 网络消息 服务=router_s iCmd=101 fd=28.0 mData={"record":{"module":"common","type":2,"srcsk":"gs10001","src":44,"cmd":"SyncServerStatus","dessk":"cs","session":48,"des":".serversetter"},"data":{"gs10001":{"server_grade":59}}}
[:06-26_03-09-58][:00000013] router服务端 网络消息 服务=router_s iCmd=101 fd=10.0 mData={"record":{"type":3,"srcsk":"cs","src":40,"dessk":"gs10001","session":48,"des":44},"data":{"result":{"whitelist":{},"gs10001":{"heartbeat":1750907395,"server_grade":59}}}}
[:06-26_03-10-06][:00000013] router服务端 网络消息 服务=router_s iCmd=101 fd=28.0 mData={"record":{"module":"common","type":2,"srcsk":"gs10001","src":32,"cmd":"Forward","dessk":"cs","session":19,"des":".serversetter"},"data":{"cmd":"GetSetterConfig","data":{"ver":1,"server_key":"dev_gs10001"}}}
[:06-26_03-10-06][:00000013] router服务端 网络消息 服务=router_s iCmd=101 fd=10.0 mData={"record":{"type":3,"srcsk":"cs","src":40,"dessk":"gs10001","session":19,"des":32},"data":{"errcode":0,"data":{"version":1}}}
[:06-26_03-10-12][:00000013] router服务端 网络消息 服务=router_s iCmd=101 fd=28.0 mData={"record":{"module":"common","type":2,"srcsk":"gs10001","src":44,"cmd":"SyncServerStatus","dessk":"cs","session":49,"des":".serversetter"},"data":{"gs10001":{"server_grade":59}}}
[:06-26_03-10-12][:00000013] router服务端 网络消息 服务=router_s iCmd=101 fd=10.0 mData={"record":{"type":3,"srcsk":"cs","src":40,"dessk":"gs10001","session":49,"des":44},"data":{"result":{"whitelist":{},"gs10001":{"heartbeat":1750907411,"server_grade":59}}}}
[:06-26_03-10-20][:00000013] router服务端 网络消息 服务=router_s iCmd=101 fd=10.0 mData={"record":{"cmd":"CSGetOpenStatus","srcsk":"cs","src":40,"module":"common","dessk":"gs10001","type":1,"des":".login"},"data":{}}
[:06-26_03-10-20][:00000013] router服务端 网络消息 服务=router_s iCmd=101 fd=28.0 mData={"record":{"cmd":"GSSetOpenState","srcsk":"gs10001","src":32,"module":"common","dessk":"cs","type":1,"des":".serversetter"},"data":{"status":3,"server_key":"dev_gs10001"}}
[:06-26_03-10-25][:00000013] router服务端 网络消息 服务=router_s iCmd=101 fd=28.0 mData={"record":{"module":"common","type":2,"srcsk":"gs10001","src":44,"cmd":"SyncServerStatus","dessk":"cs","session":50,"des":".serversetter"},"data":{"gs10001":{"server_grade":59}}}
[:06-26_03-10-25][:00000013] router服务端 网络消息 服务=router_s iCmd=101 fd=10.0 mData={"record":{"type":3,"srcsk":"cs","src":40,"dessk":"gs10001","session":50,"des":44},"data":{"result":{"whitelist":{},"gs10001":{"heartbeat":1750907423,"server_grade":59}}}}
[:06-26_03-10-36][:00000013] router服务端 网络消息 服务=router_s iCmd=101 fd=28.0 mData={"record":{"module":"common","type":2,"srcsk":"gs10001","src":44,"cmd":"SyncServerStatus","dessk":"cs","session":51,"des":".serversetter"},"data":{"gs10001":{"server_grade":59}}}
[:06-26_03-10-36][:00000013] router服务端 网络消息 服务=router_s iCmd=101 fd=10.0 mData={"record":{"type":3,"srcsk":"cs","src":40,"dessk":"gs10001","session":51,"des":44},"data":{"result":{"whitelist":{},"gs10001":{"heartbeat":1750907435,"server_grade":59}}}}
[:06-26_03-10-36][:00000013] router服务端 网络消息 服务=router_s iCmd=101 fd=28.0 mData={"record":{"module":"common","type":2,"srcsk":"gs10001","src":32,"cmd":"Forward","dessk":"cs","session":20,"des":".serversetter"},"data":{"cmd":"GetSetterConfig","data":{"ver":1,"server_key":"dev_gs10001"}}}
[:06-26_03-10-36][:00000013] router服务端 网络消息 服务=router_s iCmd=101 fd=10.0 mData={"record":{"type":3,"srcsk":"cs","src":40,"dessk":"gs10001","session":20,"des":32},"data":{"errcode":0,"data":{"version":1}}}
[:06-26_03-10-49][:00000013] router服务端 网络消息 服务=router_s iCmd=101 fd=28.0 mData={"record":{"module":"common","type":2,"srcsk":"gs10001","src":44,"cmd":"SyncServerStatus","dessk":"cs","session":52,"des":".serversetter"},"data":{"gs10001":{"server_grade":59}}}
[:06-26_03-10-49][:00000013] router服务端 网络消息 服务=router_s iCmd=101 fd=10.0 mData={"record":{"type":3,"srcsk":"cs","src":40,"dessk":"gs10001","session":52,"des":44},"data":{"result":{"whitelist":{},"gs10001":{"heartbeat":1750907447,"server_grade":59}}}}
[:06-26_03-10-58][:00000013] router服务端 网络消息 服务=router_s iCmd=101 fd=28.0 mData={"record":{"module":"common","type":2,"srcsk":"gs10001","src":44,"cmd":"SyncServerStatus","dessk":"cs","session":53,"des":".serversetter"},"data":{"gs10001":{"server_grade":59}}}
[:06-26_03-10-58][:00000013] router服务端 网络消息 服务=router_s iCmd=101 fd=10.0 mData={"record":{"type":3,"srcsk":"cs","src":40,"dessk":"gs10001","session":53,"des":44},"data":{"result":{"whitelist":{},"gs10001":{"heartbeat":1750907455,"server_grade":59}}}}
[:06-26_03-11-06][:00000013] router服务端 网络消息 服务=router_s iCmd=101 fd=28.0 mData={"record":{"module":"common","type":2,"srcsk":"gs10001","src":32,"cmd":"Forward","dessk":"cs","session":21,"des":".serversetter"},"data":{"cmd":"GetSetterConfig","data":{"ver":1,"server_key":"dev_gs10001"}}}
[:06-26_03-11-06][:00000013] router服务端 网络消息 服务=router_s iCmd=101 fd=10.0 mData={"record":{"type":3,"srcsk":"cs","src":40,"dessk":"gs10001","session":21,"des":32},"data":{"errcode":0,"data":{"version":1}}}
[:06-26_03-11-13][:00000013] router服务端 网络消息 服务=router_s iCmd=101 fd=28.0 mData={"record":{"module":"common","type":2,"srcsk":"gs10001","src":44,"cmd":"SyncServerStatus","dessk":"cs","session":54,"des":".serversetter"},"data":{"gs10001":{"server_grade":59}}}
[:06-26_03-11-13][:00000013] router服务端 网络消息 服务=router_s iCmd=101 fd=10.0 mData={"record":{"type":3,"srcsk":"cs","src":40,"dessk":"gs10001","session":54,"des":44},"data":{"result":{"whitelist":{},"gs10001":{"heartbeat":1750907471,"server_grade":59}}}}
[:06-26_03-11-20][:00000013] router服务端 网络消息 服务=router_s iCmd=101 fd=28.0 mData={"record":{"module":"common","type":2,"srcsk":"gs10001","src":44,"cmd":"SyncServerStatus","dessk":"cs","session":55,"des":".serversetter"},"data":{"gs10001":{"server_grade":59}}}
[:06-26_03-11-20][:00000013] router服务端 网络消息 服务=router_s iCmd=101 fd=10.0 mData={"record":{"type":3,"srcsk":"cs","src":40,"dessk":"gs10001","session":55,"des":44},"data":{"result":{"whitelist":{},"gs10001":{"heartbeat":1750907479,"server_grade":59}}}}
[:06-26_03-11-20][:00000013] router服务端 网络消息 服务=router_s iCmd=101 fd=10.0 mData={"record":{"cmd":"CSGetOpenStatus","srcsk":"cs","src":40,"module":"common","dessk":"gs10001","type":1,"des":".login"},"data":{}}
[:06-26_03-11-20][:00000013] router服务端 网络消息 服务=router_s iCmd=101 fd=28.0 mData={"record":{"cmd":"GSSetOpenState","srcsk":"gs10001","src":32,"module":"common","dessk":"cs","type":1,"des":".serversetter"},"data":{"status":3,"server_key":"dev_gs10001"}}
[:06-26_03-11-27][:00000013] router服务端 网络消息 服务=router_s iCmd=101 fd=28.0 mData={"record":{"module":"common","type":2,"srcsk":"gs10001","src":44,"cmd":"SyncServerStatus","dessk":"cs","session":56,"des":".serversetter"},"data":{"gs10001":{"server_grade":59}}}
[:06-26_03-11-27][:00000013] router服务端 网络消息 服务=router_s iCmd=101 fd=10.0 mData={"record":{"type":3,"srcsk":"cs","src":40,"dessk":"gs10001","session":56,"des":44},"data":{"result":{"whitelist":{},"gs10001":{"heartbeat":1750907487,"server_grade":59}}}}
[:06-26_03-11-36][:00000013] router服务端 网络消息 服务=router_s iCmd=101 fd=28.0 mData={"record":{"module":"common","type":2,"srcsk":"gs10001","src":32,"cmd":"Forward","dessk":"cs","session":22,"des":".serversetter"},"data":{"cmd":"GetSetterConfig","data":{"ver":1,"server_key":"dev_gs10001"}}}
[:06-26_03-11-36][:00000013] router服务端 网络消息 服务=router_s iCmd=101 fd=10.0 mData={"record":{"type":3,"srcsk":"cs","src":40,"dessk":"gs10001","session":22,"des":32},"data":{"errcode":0,"data":{"version":1}}}
[:06-26_03-11-37][:00000013] router服务端 网络消息 服务=router_s iCmd=101 fd=28.0 mData={"record":{"module":"common","type":2,"srcsk":"gs10001","src":44,"cmd":"SyncServerStatus","dessk":"cs","session":57,"des":".serversetter"},"data":{"gs10001":{"server_grade":59}}}
[:06-26_03-11-37][:00000013] router服务端 网络消息 服务=router_s iCmd=101 fd=10.0 mData={"record":{"type":3,"srcsk":"cs","src":40,"dessk":"gs10001","session":57,"des":44},"data":{"result":{"whitelist":{},"gs10001":{"heartbeat":1750907495,"server_grade":59}}}}
[:06-26_03-11-49][:00000013] router服务端 网络消息 服务=router_s iCmd=101 fd=28.0 mData={"record":{"module":"common","type":2,"srcsk":"gs10001","src":44,"cmd":"SyncServerStatus","dessk":"cs","session":58,"des":".serversetter"},"data":{"gs10001":{"server_grade":59}}}
[:06-26_03-11-49][:00000013] router服务端 网络消息 服务=router_s iCmd=101 fd=10.0 mData={"record":{"type":3,"srcsk":"cs","src":40,"dessk":"gs10001","session":58,"des":44},"data":{"result":{"whitelist":{},"gs10001":{"heartbeat":1750907507,"server_grade":59}}}}
[:06-26_03-11-56][:00000013] router服务端 网络消息 服务=router_s iCmd=101 fd=28.0 mData={"record":{"module":"common","type":2,"srcsk":"gs10001","src":44,"cmd":"SyncServerStatus","dessk":"cs","session":59,"des":".serversetter"},"data":{"gs10001":{"server_grade":59}}}
[:06-26_03-11-56][:00000013] router服务端 网络消息 服务=router_s iCmd=101 fd=10.0 mData={"record":{"type":3,"srcsk":"cs","src":40,"dessk":"gs10001","session":59,"des":44},"data":{"result":{"whitelist":{},"gs10001":{"heartbeat":1750907515,"server_grade":59}}}}
[:06-26_03-12-06][:00000013] router服务端 网络消息 服务=router_s iCmd=101 fd=28.0 mData={"record":{"module":"common","type":2,"srcsk":"gs10001","src":32,"cmd":"Forward","dessk":"cs","session":23,"des":".serversetter"},"data":{"cmd":"GetSetterConfig","data":{"ver":1,"server_key":"dev_gs10001"}}}
[:06-26_03-12-06][:00000013] router服务端 网络消息 服务=router_s iCmd=101 fd=10.0 mData={"record":{"type":3,"srcsk":"cs","src":40,"dessk":"gs10001","session":23,"des":32},"data":{"errcode":0,"data":{"version":1}}}
[:06-26_03-12-08][:00000013] router服务端 网络消息 服务=router_s iCmd=101 fd=28.0 mData={"record":{"module":"common","type":2,"srcsk":"gs10001","src":44,"cmd":"SyncServerStatus","dessk":"cs","session":60,"des":".serversetter"},"data":{"gs10001":{"server_grade":59}}}
[:06-26_03-12-08][:00000013] router服务端 网络消息 服务=router_s iCmd=101 fd=10.0 mData={"record":{"type":3,"srcsk":"cs","src":40,"dessk":"gs10001","session":60,"des":44},"data":{"result":{"whitelist":{},"gs10001":{"heartbeat":1750907527,"server_grade":59}}}}
[:06-26_03-12-20][:00000013] router服务端 网络消息 服务=router_s iCmd=101 fd=10.0 mData={"record":{"cmd":"CSGetOpenStatus","srcsk":"cs","src":40,"module":"common","dessk":"gs10001","type":1,"des":".login"},"data":{}}
[:06-26_03-12-20][:00000013] router服务端 网络消息 服务=router_s iCmd=101 fd=28.0 mData={"record":{"cmd":"GSSetOpenState","srcsk":"gs10001","src":32,"module":"common","dessk":"cs","type":1,"des":".serversetter"},"data":{"status":3,"server_key":"dev_gs10001"}}
[:06-26_03-12-22][:00000013] router服务端 网络消息 服务=router_s iCmd=101 fd=28.0 mData={"record":{"module":"common","type":2,"srcsk":"gs10001","src":44,"cmd":"SyncServerStatus","dessk":"cs","session":61,"des":".serversetter"},"data":{"gs10001":{"server_grade":59}}}
[:06-26_03-12-22][:00000013] router服务端 网络消息 服务=router_s iCmd=101 fd=10.0 mData={"record":{"type":3,"srcsk":"cs","src":40,"dessk":"gs10001","session":61,"des":44},"data":{"result":{"whitelist":{},"gs10001":{"heartbeat":1750907539,"server_grade":59}}}}
[:06-26_03-12-36][:00000013] router服务端 网络消息 服务=router_s iCmd=101 fd=28.0 mData={"record":{"module":"common","type":2,"srcsk":"gs10001","src":32,"cmd":"Forward","dessk":"cs","session":24,"des":".serversetter"},"data":{"cmd":"GetSetterConfig","data":{"ver":1,"server_key":"dev_gs10001"}}}
[:06-26_03-12-36][:00000013] router服务端 网络消息 服务=router_s iCmd=101 fd=10.0 mData={"record":{"type":3,"srcsk":"cs","src":40,"dessk":"gs10001","session":24,"des":32},"data":{"errcode":0,"data":{"version":1}}}
[:06-26_03-12-37][:00000013] router服务端 网络消息 服务=router_s iCmd=101 fd=28.0 mData={"record":{"module":"common","type":2,"srcsk":"gs10001","src":44,"cmd":"SyncServerStatus","dessk":"cs","session":62,"des":".serversetter"},"data":{"gs10001":{"server_grade":59}}}
[:06-26_03-12-37][:00000013] router服务端 网络消息 服务=router_s iCmd=101 fd=10.0 mData={"record":{"type":3,"srcsk":"cs","src":40,"dessk":"gs10001","session":62,"des":44},"data":{"result":{"whitelist":{},"gs10001":{"heartbeat":1750907555,"server_grade":59}}}}
[:06-26_03-12-44][:00000013] router服务端 网络消息 服务=router_s iCmd=101 fd=28.0 mData={"record":{"module":"common","type":2,"srcsk":"gs10001","src":44,"cmd":"SyncServerStatus","dessk":"cs","session":63,"des":".serversetter"},"data":{"gs10001":{"server_grade":59}}}
[:06-26_03-12-44][:00000013] router服务端 网络消息 服务=router_s iCmd=101 fd=10.0 mData={"record":{"type":3,"srcsk":"cs","src":40,"dessk":"gs10001","session":63,"des":44},"data":{"result":{"whitelist":{},"gs10001":{"heartbeat":1750907563,"server_grade":59}}}}
[:06-26_03-12-51][:00000013] router服务端 网络消息 服务=router_s iCmd=101 fd=28.0 mData={"record":{"module":"common","type":2,"srcsk":"gs10001","src":44,"cmd":"SyncServerStatus","dessk":"cs","session":64,"des":".serversetter"},"data":{"gs10001":{"server_grade":59}}}
[:06-26_03-12-51][:00000013] router服务端 网络消息 服务=router_s iCmd=101 fd=10.0 mData={"record":{"type":3,"srcsk":"cs","src":40,"dessk":"gs10001","session":64,"des":44},"data":{"result":{"whitelist":{},"gs10001":{"heartbeat":1750907571,"server_grade":59}}}}
[:06-26_03-13-03][:00000013] router服务端 网络消息 服务=router_s iCmd=101 fd=28.0 mData={"record":{"module":"common","type":2,"srcsk":"gs10001","src":44,"cmd":"SyncServerStatus","dessk":"cs","session":65,"des":".serversetter"},"data":{"gs10001":{"server_grade":59}}}
[:06-26_03-13-03][:00000013] router服务端 网络消息 服务=router_s iCmd=101 fd=10.0 mData={"record":{"type":3,"srcsk":"cs","src":40,"dessk":"gs10001","session":65,"des":44},"data":{"result":{"whitelist":{},"gs10001":{"heartbeat":1750907583,"server_grade":59}}}}
[:06-26_03-13-06][:00000013] router服务端 网络消息 服务=router_s iCmd=101 fd=28.0 mData={"record":{"module":"common","type":2,"srcsk":"gs10001","src":32,"cmd":"Forward","dessk":"cs","session":25,"des":".serversetter"},"data":{"cmd":"GetSetterConfig","data":{"ver":1,"server_key":"dev_gs10001"}}}
[:06-26_03-13-06][:00000013] router服务端 网络消息 服务=router_s iCmd=101 fd=10.0 mData={"record":{"type":3,"srcsk":"cs","src":40,"dessk":"gs10001","session":25,"des":32},"data":{"errcode":0,"data":{"version":1}}}
[:06-26_03-13-14][:00000013] router服务端 网络消息 服务=router_s iCmd=101 fd=28.0 mData={"record":{"module":"common","type":2,"srcsk":"gs10001","src":44,"cmd":"SyncServerStatus","dessk":"cs","session":66,"des":".serversetter"},"data":{"gs10001":{"server_grade":59}}}
[:06-26_03-13-14][:00000013] router服务端 网络消息 服务=router_s iCmd=101 fd=10.0 mData={"record":{"type":3,"srcsk":"cs","src":40,"dessk":"gs10001","session":66,"des":44},"data":{"result":{"whitelist":{},"gs10001":{"heartbeat":1750907591,"server_grade":59}}}}
[:06-26_03-13-20][:00000013] router服务端 网络消息 服务=router_s iCmd=101 fd=10.0 mData={"record":{"cmd":"CSGetOpenStatus","srcsk":"cs","src":40,"module":"common","dessk":"gs10001","type":1,"des":".login"},"data":{}}
[:06-26_03-13-20][:00000013] router服务端 网络消息 服务=router_s iCmd=101 fd=28.0 mData={"record":{"cmd":"GSSetOpenState","srcsk":"gs10001","src":32,"module":"common","dessk":"cs","type":1,"des":".serversetter"},"data":{"status":3,"server_key":"dev_gs10001"}}
[:06-26_03-13-27][:00000013] router服务端 网络消息 服务=router_s iCmd=101 fd=28.0 mData={"record":{"module":"common","type":2,"srcsk":"gs10001","src":44,"cmd":"SyncServerStatus","dessk":"cs","session":67,"des":".serversetter"},"data":{"gs10001":{"server_grade":59}}}
[:06-26_03-13-27][:00000013] router服务端 网络消息 服务=router_s iCmd=101 fd=10.0 mData={"record":{"type":3,"srcsk":"cs","src":40,"dessk":"gs10001","session":67,"des":44},"data":{"result":{"whitelist":{},"gs10001":{"heartbeat":1750907607,"server_grade":59}}}}
[:06-26_03-13-36][:00000013] router服务端 网络消息 服务=router_s iCmd=101 fd=28.0 mData={"record":{"module":"common","type":2,"srcsk":"gs10001","src":32,"cmd":"Forward","dessk":"cs","session":26,"des":".serversetter"},"data":{"cmd":"GetSetterConfig","data":{"ver":1,"server_key":"dev_gs10001"}}}
[:06-26_03-13-36][:00000013] router服务端 网络消息 服务=router_s iCmd=101 fd=10.0 mData={"record":{"type":3,"srcsk":"cs","src":40,"dessk":"gs10001","session":26,"des":32},"data":{"errcode":0,"data":{"version":1}}}
[:06-26_03-13-41][:00000013] router服务端 网络消息 服务=router_s iCmd=101 fd=28.0 mData={"record":{"module":"common","type":2,"srcsk":"gs10001","src":44,"cmd":"SyncServerStatus","dessk":"cs","session":68,"des":".serversetter"},"data":{"gs10001":{"server_grade":59}}}
[:06-26_03-13-41][:00000013] router服务端 网络消息 服务=router_s iCmd=101 fd=10.0 mData={"record":{"type":3,"srcsk":"cs","src":40,"dessk":"gs10001","session":68,"des":44},"data":{"result":{"whitelist":{},"gs10001":{"heartbeat":1750907619,"server_grade":59}}}}
[:06-26_03-13-48][:00000013] router服务端 网络消息 服务=router_s iCmd=101 fd=28.0 mData={"record":{"module":"common","type":2,"srcsk":"gs10001","src":44,"cmd":"SyncServerStatus","dessk":"cs","session":69,"des":".serversetter"},"data":{"gs10001":{"server_grade":59}}}
[:06-26_03-13-48][:00000013] router服务端 网络消息 服务=router_s iCmd=101 fd=10.0 mData={"record":{"type":3,"srcsk":"cs","src":40,"dessk":"gs10001","session":69,"des":44},"data":{"result":{"whitelist":{},"gs10001":{"heartbeat":1750907627,"server_grade":59}}}}
[:06-26_03-13-58][:00000013] router服务端 网络消息 服务=router_s iCmd=101 fd=28.0 mData={"record":{"module":"common","type":2,"srcsk":"gs10001","src":44,"cmd":"SyncServerStatus","dessk":"cs","session":70,"des":".serversetter"},"data":{"gs10001":{"server_grade":59}}}
[:06-26_03-13-58][:00000013] router服务端 网络消息 服务=router_s iCmd=101 fd=10.0 mData={"record":{"type":3,"srcsk":"cs","src":40,"dessk":"gs10001","session":70,"des":44},"data":{"result":{"whitelist":{},"gs10001":{"heartbeat":1750907635,"server_grade":59}}}}
[:06-26_03-14-06][:00000013] router服务端 网络消息 服务=router_s iCmd=101 fd=28.0 mData={"record":{"module":"common","type":2,"srcsk":"gs10001","src":32,"cmd":"Forward","dessk":"cs","session":27,"des":".serversetter"},"data":{"cmd":"GetSetterConfig","data":{"ver":1,"server_key":"dev_gs10001"}}}
[:06-26_03-14-06][:00000013] router服务端 网络消息 服务=router_s iCmd=101 fd=10.0 mData={"record":{"type":3,"srcsk":"cs","src":40,"dessk":"gs10001","session":27,"des":32},"data":{"errcode":0,"data":{"version":1}}}
[:06-26_03-14-11][:00000013] router服务端 网络消息 服务=router_s iCmd=101 fd=28.0 mData={"record":{"module":"common","type":2,"srcsk":"gs10001","src":44,"cmd":"SyncServerStatus","dessk":"cs","session":71,"des":".serversetter"},"data":{"gs10001":{"server_grade":59}}}
[:06-26_03-14-11][:00000013] router服务端 网络消息 服务=router_s iCmd=101 fd=10.0 mData={"record":{"type":3,"srcsk":"cs","src":40,"dessk":"gs10001","session":71,"des":44},"data":{"result":{"whitelist":{},"gs10001":{"heartbeat":1750907651,"server_grade":59}}}}
[:06-26_03-14-20][:00000013] router服务端 网络消息 服务=router_s iCmd=101 fd=10.0 mData={"record":{"cmd":"CSGetOpenStatus","srcsk":"cs","src":40,"module":"common","dessk":"gs10001","type":1,"des":".login"},"data":{}}
[:06-26_03-14-20][:00000013] router服务端 网络消息 服务=router_s iCmd=101 fd=28.0 mData={"record":{"cmd":"GSSetOpenState","srcsk":"gs10001","src":32,"module":"common","dessk":"cs","type":1,"des":".serversetter"},"data":{"status":3,"server_key":"dev_gs10001"}}
[:06-26_03-14-24][:00000013] router服务端 网络消息 服务=router_s iCmd=101 fd=28.0 mData={"record":{"module":"common","type":2,"srcsk":"gs10001","src":44,"cmd":"SyncServerStatus","dessk":"cs","session":72,"des":".serversetter"},"data":{"gs10001":{"server_grade":59}}}
[:06-26_03-14-24][:00000013] router服务端 网络消息 服务=router_s iCmd=101 fd=10.0 mData={"record":{"type":3,"srcsk":"cs","src":40,"dessk":"gs10001","session":72,"des":44},"data":{"result":{"whitelist":{},"gs10001":{"heartbeat":1750907663,"server_grade":59}}}}
[:06-26_03-14-33][:00000013] router服务端 网络消息 服务=router_s iCmd=101 fd=28.0 mData={"record":{"module":"common","type":2,"srcsk":"gs10001","src":44,"cmd":"SyncServerStatus","dessk":"cs","session":73,"des":".serversetter"},"data":{"gs10001":{"server_grade":59}}}
[:06-26_03-14-33][:00000013] router服务端 网络消息 服务=router_s iCmd=101 fd=10.0 mData={"record":{"type":3,"srcsk":"cs","src":40,"dessk":"gs10001","session":73,"des":44},"data":{"result":{"whitelist":{},"gs10001":{"heartbeat":1750907671,"server_grade":59}}}}
[:06-26_03-14-36][:00000013] router服务端 网络消息 服务=router_s iCmd=101 fd=28.0 mData={"record":{"module":"common","type":2,"srcsk":"gs10001","src":32,"cmd":"Forward","dessk":"cs","session":28,"des":".serversetter"},"data":{"cmd":"GetSetterConfig","data":{"ver":1,"server_key":"dev_gs10001"}}}
[:06-26_03-14-36][:00000013] router服务端 网络消息 服务=router_s iCmd=101 fd=10.0 mData={"record":{"type":3,"srcsk":"cs","src":40,"dessk":"gs10001","session":28,"des":32},"data":{"errcode":0,"data":{"version":1}}}
[:06-26_03-14-47][:00000013] router服务端 网络消息 服务=router_s iCmd=101 fd=28.0 mData={"record":{"module":"common","type":2,"srcsk":"gs10001","src":44,"cmd":"SyncServerStatus","dessk":"cs","session":74,"des":".serversetter"},"data":{"gs10001":{"server_grade":59}}}
[:06-26_03-14-47][:00000013] router服务端 网络消息 服务=router_s iCmd=101 fd=10.0 mData={"record":{"type":3,"srcsk":"cs","src":40,"dessk":"gs10001","session":74,"des":44},"data":{"result":{"whitelist":{},"gs10001":{"heartbeat":1750907687,"server_grade":59}}}}
[:06-26_03-14-54][:00000013] router服务端 网络消息 服务=router_s iCmd=101 fd=28.0 mData={"record":{"module":"common","type":2,"srcsk":"gs10001","src":44,"cmd":"SyncServerStatus","dessk":"cs","session":75,"des":".serversetter"},"data":{"gs10001":{"server_grade":59}}}
[:06-26_03-14-54][:00000013] router服务端 网络消息 服务=router_s iCmd=101 fd=10.0 mData={"record":{"type":3,"srcsk":"cs","src":40,"dessk":"gs10001","session":75,"des":44},"data":{"result":{"whitelist":{},"gs10001":{"heartbeat":1750907691,"server_grade":59}}}}
[:06-26_03-15-01][:00000013] router服务端 网络消息 服务=router_s iCmd=101 fd=28.0 mData={"record":{"module":"common","type":2,"srcsk":"gs10001","src":44,"cmd":"SyncServerStatus","dessk":"cs","session":76,"des":".serversetter"},"data":{"gs10001":{"server_grade":59}}}
[:06-26_03-15-01][:00000013] router服务端 网络消息 服务=router_s iCmd=101 fd=10.0 mData={"record":{"type":3,"srcsk":"cs","src":40,"dessk":"gs10001","session":76,"des":44},"data":{"result":{"whitelist":{},"gs10001":{"heartbeat":1750907699,"server_grade":59}}}}
[:06-26_03-15-06][:00000013] router服务端 网络消息 服务=router_s iCmd=101 fd=28.0 mData={"record":{"module":"common","type":2,"srcsk":"gs10001","src":32,"cmd":"Forward","dessk":"cs","session":29,"des":".serversetter"},"data":{"cmd":"GetSetterConfig","data":{"ver":1,"server_key":"dev_gs10001"}}}
[:06-26_03-15-06][:00000013] router服务端 网络消息 服务=router_s iCmd=101 fd=10.0 mData={"record":{"type":3,"srcsk":"cs","src":40,"dessk":"gs10001","session":29,"des":32},"data":{"errcode":0,"data":{"version":1}}}
[:06-26_03-15-10][:00000013] router服务端 网络消息 服务=router_s iCmd=101 fd=28.0 mData={"record":{"module":"common","type":2,"srcsk":"gs10001","src":44,"cmd":"SyncServerStatus","dessk":"cs","session":77,"des":".serversetter"},"data":{"gs10001":{"server_grade":59}}}
[:06-26_03-15-10][:00000013] router服务端 网络消息 服务=router_s iCmd=101 fd=10.0 mData={"record":{"type":3,"srcsk":"cs","src":40,"dessk":"gs10001","session":77,"des":44},"data":{"result":{"whitelist":{},"gs10001":{"heartbeat":1750907707,"server_grade":59}}}}
[:06-26_03-15-20][:00000013] router服务端 网络消息 服务=router_s iCmd=101 fd=10.0 mData={"record":{"cmd":"CSGetOpenStatus","srcsk":"cs","src":40,"module":"common","dessk":"gs10001","type":1,"des":".login"},"data":{}}
[:06-26_03-15-20][:00000013] router服务端 网络消息 服务=router_s iCmd=101 fd=28.0 mData={"record":{"cmd":"GSSetOpenState","srcsk":"gs10001","src":32,"module":"common","dessk":"cs","type":1,"des":".serversetter"},"data":{"status":3,"server_key":"dev_gs10001"}}
[:06-26_03-15-22][:00000013] router服务端 网络消息 服务=router_s iCmd=101 fd=28.0 mData={"record":{"module":"common","type":2,"srcsk":"gs10001","src":44,"cmd":"SyncServerStatus","dessk":"cs","session":78,"des":".serversetter"},"data":{"gs10001":{"server_grade":59}}}
[:06-26_03-15-22][:00000013] router服务端 网络消息 服务=router_s iCmd=101 fd=10.0 mData={"record":{"type":3,"srcsk":"cs","src":40,"dessk":"gs10001","session":78,"des":44},"data":{"result":{"whitelist":{},"gs10001":{"heartbeat":1750907719,"server_grade":59}}}}
[:06-26_03-15-29][:00000013] router服务端 网络消息 服务=router_s iCmd=101 fd=28.0 mData={"record":{"module":"common","type":2,"srcsk":"gs10001","src":44,"cmd":"SyncServerStatus","dessk":"cs","session":79,"des":".serversetter"},"data":{"gs10001":{"server_grade":59}}}
[:06-26_03-15-29][:00000013] router服务端 网络消息 服务=router_s iCmd=101 fd=10.0 mData={"record":{"type":3,"srcsk":"cs","src":40,"dessk":"gs10001","session":79,"des":44},"data":{"result":{"whitelist":{},"gs10001":{"heartbeat":1750907727,"server_grade":59}}}}
[:06-26_03-15-36][:00000013] router服务端 网络消息 服务=router_s iCmd=101 fd=28.0 mData={"record":{"module":"common","type":2,"srcsk":"gs10001","src":32,"cmd":"Forward","dessk":"cs","session":30,"des":".serversetter"},"data":{"cmd":"GetSetterConfig","data":{"ver":1,"server_key":"dev_gs10001"}}}
[:06-26_03-15-36][:00000013] router服务端 网络消息 服务=router_s iCmd=101 fd=10.0 mData={"record":{"type":3,"srcsk":"cs","src":40,"dessk":"gs10001","session":30,"des":32},"data":{"errcode":0,"data":{"version":1}}}
[:06-26_03-15-39][:00000013] router服务端 网络消息 服务=router_s iCmd=101 fd=28.0 mData={"record":{"module":"common","type":2,"srcsk":"gs10001","src":44,"cmd":"SyncServerStatus","dessk":"cs","session":80,"des":".serversetter"},"data":{"gs10001":{"server_grade":59}}}
[:06-26_03-15-39][:00000013] router服务端 网络消息 服务=router_s iCmd=101 fd=10.0 mData={"record":{"type":3,"srcsk":"cs","src":40,"dessk":"gs10001","session":80,"des":44},"data":{"result":{"whitelist":{},"gs10001":{"heartbeat":1750907739,"server_grade":59}}}}
[:06-26_03-15-48][:00000013] router服务端 网络消息 服务=router_s iCmd=101 fd=28.0 mData={"record":{"module":"common","type":2,"srcsk":"gs10001","src":44,"cmd":"SyncServerStatus","dessk":"cs","session":81,"des":".serversetter"},"data":{"gs10001":{"server_grade":59}}}
[:06-26_03-15-48][:00000013] router服务端 网络消息 服务=router_s iCmd=101 fd=10.0 mData={"record":{"type":3,"srcsk":"cs","src":40,"dessk":"gs10001","session":81,"des":44},"data":{"result":{"whitelist":{},"gs10001":{"heartbeat":1750907747,"server_grade":59}}}}
[:06-26_03-16-00][:00000013] router服务端 网络消息 服务=router_s iCmd=101 fd=28.0 mData={"record":{"module":"common","type":2,"srcsk":"gs10001","src":44,"cmd":"SyncServerStatus","dessk":"cs","session":82,"des":".serversetter"},"data":{"gs10001":{"server_grade":59}}}
[:06-26_03-16-00][:00000013] router服务端 网络消息 服务=router_s iCmd=101 fd=10.0 mData={"record":{"type":3,"srcsk":"cs","src":40,"dessk":"gs10001","session":82,"des":44},"data":{"result":{"whitelist":{},"gs10001":{"heartbeat":1750907759,"server_grade":59}}}}
[:06-26_03-16-06][:00000013] router服务端 网络消息 服务=router_s iCmd=101 fd=28.0 mData={"record":{"module":"common","type":2,"srcsk":"gs10001","src":32,"cmd":"Forward","dessk":"cs","session":31,"des":".serversetter"},"data":{"cmd":"GetSetterConfig","data":{"ver":1,"server_key":"dev_gs10001"}}}
[:06-26_03-16-06][:00000013] router服务端 网络消息 服务=router_s iCmd=101 fd=10.0 mData={"record":{"type":3,"srcsk":"cs","src":40,"dessk":"gs10001","session":31,"des":32},"data":{"errcode":0,"data":{"version":1}}}
[:06-26_03-16-14][:00000013] router服务端 网络消息 服务=router_s iCmd=101 fd=28.0 mData={"record":{"module":"common","type":2,"srcsk":"gs10001","src":44,"cmd":"SyncServerStatus","dessk":"cs","session":83,"des":".serversetter"},"data":{"gs10001":{"server_grade":59}}}
[:06-26_03-16-14][:00000013] router服务端 网络消息 服务=router_s iCmd=101 fd=10.0 mData={"record":{"type":3,"srcsk":"cs","src":40,"dessk":"gs10001","session":83,"des":44},"data":{"result":{"whitelist":{},"gs10001":{"heartbeat":1750907771,"server_grade":59}}}}
[:06-26_03-16-20][:00000013] router服务端 网络消息 服务=router_s iCmd=101 fd=10.0 mData={"record":{"cmd":"CSGetOpenStatus","srcsk":"cs","src":40,"module":"common","dessk":"gs10001","type":1,"des":".login"},"data":{}}
[:06-26_03-16-20][:00000013] router服务端 网络消息 服务=router_s iCmd=101 fd=28.0 mData={"record":{"cmd":"GSSetOpenState","srcsk":"gs10001","src":32,"module":"common","dessk":"cs","type":1,"des":".serversetter"},"data":{"status":3,"server_key":"dev_gs10001"}}
[:06-26_03-16-27][:00000013] router服务端 网络消息 服务=router_s iCmd=101 fd=28.0 mData={"record":{"module":"common","type":2,"srcsk":"gs10001","src":44,"cmd":"SyncServerStatus","dessk":"cs","session":84,"des":".serversetter"},"data":{"gs10001":{"server_grade":59}}}
[:06-26_03-16-27][:00000013] router服务端 网络消息 服务=router_s iCmd=101 fd=10.0 mData={"record":{"type":3,"srcsk":"cs","src":40,"dessk":"gs10001","session":84,"des":44},"data":{"result":{"whitelist":{},"gs10001":{"heartbeat":1750907787,"server_grade":59}}}}
[:06-26_03-16-36][:00000013] router服务端 网络消息 服务=router_s iCmd=101 fd=28.0 mData={"record":{"module":"common","type":2,"srcsk":"gs10001","src":32,"cmd":"Forward","dessk":"cs","session":32,"des":".serversetter"},"data":{"cmd":"GetSetterConfig","data":{"ver":1,"server_key":"dev_gs10001"}}}
[:06-26_03-16-36][:00000013] router服务端 网络消息 服务=router_s iCmd=101 fd=10.0 mData={"record":{"type":3,"srcsk":"cs","src":40,"dessk":"gs10001","session":32,"des":32},"data":{"errcode":0,"data":{"version":1}}}
[:06-26_03-16-38][:00000013] router服务端 网络消息 服务=router_s iCmd=101 fd=28.0 mData={"record":{"module":"common","type":2,"srcsk":"gs10001","src":44,"cmd":"SyncServerStatus","dessk":"cs","session":85,"des":".serversetter"},"data":{"gs10001":{"server_grade":59}}}
[:06-26_03-16-38][:00000013] router服务端 网络消息 服务=router_s iCmd=101 fd=10.0 mData={"record":{"type":3,"srcsk":"cs","src":40,"dessk":"gs10001","session":85,"des":44},"data":{"result":{"whitelist":{},"gs10001":{"heartbeat":1750907795,"server_grade":59}}}}
[:06-26_03-16-51][:00000013] router服务端 网络消息 服务=router_s iCmd=101 fd=28.0 mData={"record":{"module":"common","type":2,"srcsk":"gs10001","src":44,"cmd":"SyncServerStatus","dessk":"cs","session":86,"des":".serversetter"},"data":{"gs10001":{"server_grade":59}}}
[:06-26_03-16-51][:00000013] router服务端 网络消息 服务=router_s iCmd=101 fd=10.0 mData={"record":{"type":3,"srcsk":"cs","src":40,"dessk":"gs10001","session":86,"des":44},"data":{"result":{"whitelist":{},"gs10001":{"heartbeat":1750907811,"server_grade":59}}}}
[:06-26_03-17-06][:00000013] router服务端 网络消息 服务=router_s iCmd=101 fd=28.0 mData={"record":{"module":"common","type":2,"srcsk":"gs10001","src":44,"cmd":"SyncServerStatus","dessk":"cs","session":87,"des":".serversetter"},"data":{"gs10001":{"server_grade":59}}}
[:06-26_03-17-06][:00000013] router服务端 网络消息 服务=router_s iCmd=101 fd=10.0 mData={"record":{"type":3,"srcsk":"cs","src":40,"dessk":"gs10001","session":87,"des":44},"data":{"result":{"whitelist":{},"gs10001":{"heartbeat":1750907823,"server_grade":59}}}}
[:06-26_03-17-06][:00000013] router服务端 网络消息 服务=router_s iCmd=101 fd=28.0 mData={"record":{"module":"common","type":2,"srcsk":"gs10001","src":32,"cmd":"Forward","dessk":"cs","session":33,"des":".serversetter"},"data":{"cmd":"GetSetterConfig","data":{"ver":1,"server_key":"dev_gs10001"}}}
[:06-26_03-17-06][:00000013] router服务端 网络消息 服务=router_s iCmd=101 fd=10.0 mData={"record":{"type":3,"srcsk":"cs","src":40,"dessk":"gs10001","session":33,"des":32},"data":{"errcode":0,"data":{"version":1}}}
[:06-26_03-17-20][:00000013] router服务端 网络消息 服务=router_s iCmd=101 fd=28.0 mData={"record":{"module":"common","type":2,"srcsk":"gs10001","src":44,"cmd":"SyncServerStatus","dessk":"cs","session":88,"des":".serversetter"},"data":{"gs10001":{"server_grade":59}}}
[:06-26_03-17-20][:00000013] router服务端 网络消息 服务=router_s iCmd=101 fd=10.0 mData={"record":{"type":3,"srcsk":"cs","src":40,"dessk":"gs10001","session":88,"des":44},"data":{"result":{"whitelist":{},"gs10001":{"heartbeat":1750907839,"server_grade":59}}}}
[:06-26_03-17-20][:00000013] router服务端 网络消息 服务=router_s iCmd=101 fd=10.0 mData={"record":{"cmd":"CSGetOpenStatus","srcsk":"cs","src":40,"module":"common","dessk":"gs10001","type":1,"des":".login"},"data":{}}
[:06-26_03-17-20][:00000013] router服务端 网络消息 服务=router_s iCmd=101 fd=28.0 mData={"record":{"cmd":"GSSetOpenState","srcsk":"gs10001","src":32,"module":"common","dessk":"cs","type":1,"des":".serversetter"},"data":{"status":3,"server_key":"dev_gs10001"}}
[:06-26_03-17-35][:00000013] router服务端 网络消息 服务=router_s iCmd=101 fd=28.0 mData={"record":{"module":"common","type":2,"srcsk":"gs10001","src":44,"cmd":"SyncServerStatus","dessk":"cs","session":89,"des":".serversetter"},"data":{"gs10001":{"server_grade":59}}}
[:06-26_03-17-35][:00000013] router服务端 网络消息 服务=router_s iCmd=101 fd=10.0 mData={"record":{"type":3,"srcsk":"cs","src":40,"dessk":"gs10001","session":89,"des":44},"data":{"result":{"whitelist":{},"gs10001":{"heartbeat":1750907855,"server_grade":59}}}}
[:06-26_03-17-36][:00000013] router服务端 网络消息 服务=router_s iCmd=101 fd=28.0 mData={"record":{"module":"common","type":2,"srcsk":"gs10001","src":32,"cmd":"Forward","dessk":"cs","session":34,"des":".serversetter"},"data":{"cmd":"GetSetterConfig","data":{"ver":1,"server_key":"dev_gs10001"}}}
[:06-26_03-17-36][:00000013] router服务端 网络消息 服务=router_s iCmd=101 fd=10.0 mData={"record":{"type":3,"srcsk":"cs","src":40,"dessk":"gs10001","session":34,"des":32},"data":{"errcode":0,"data":{"version":1}}}
[:06-26_03-17-46][:00000013] router服务端 网络消息 服务=router_s iCmd=101 fd=28.0 mData={"record":{"module":"common","type":2,"srcsk":"gs10001","src":44,"cmd":"SyncServerStatus","dessk":"cs","session":90,"des":".serversetter"},"data":{"gs10001":{"server_grade":59}}}
[:06-26_03-17-46][:00000013] router服务端 网络消息 服务=router_s iCmd=101 fd=10.0 mData={"record":{"type":3,"srcsk":"cs","src":40,"dessk":"gs10001","session":90,"des":44},"data":{"result":{"whitelist":{},"gs10001":{"heartbeat":1750907863,"server_grade":59}}}}
[:06-26_03-17-54][:00000013] router服务端 网络消息 服务=router_s iCmd=101 fd=28.0 mData={"record":{"module":"common","type":2,"srcsk":"gs10001","src":44,"cmd":"SyncServerStatus","dessk":"cs","session":91,"des":".serversetter"},"data":{"gs10001":{"server_grade":59}}}
[:06-26_03-17-54][:00000013] router服务端 网络消息 服务=router_s iCmd=101 fd=10.0 mData={"record":{"type":3,"srcsk":"cs","src":40,"dessk":"gs10001","session":91,"des":44},"data":{"result":{"whitelist":{},"gs10001":{"heartbeat":1750907871,"server_grade":59}}}}
[:06-26_03-18-06][:00000013] router服务端 网络消息 服务=router_s iCmd=101 fd=28.0 mData={"record":{"module":"common","type":2,"srcsk":"gs10001","src":32,"cmd":"Forward","dessk":"cs","session":35,"des":".serversetter"},"data":{"cmd":"GetSetterConfig","data":{"ver":1,"server_key":"dev_gs10001"}}}
[:06-26_03-18-06][:00000013] router服务端 网络消息 服务=router_s iCmd=101 fd=10.0 mData={"record":{"type":3,"srcsk":"cs","src":40,"dessk":"gs10001","session":35,"des":32},"data":{"errcode":0,"data":{"version":1}}}
[:06-26_03-18-07][:00000013] router服务端 网络消息 服务=router_s iCmd=101 fd=28.0 mData={"record":{"module":"common","type":2,"srcsk":"gs10001","src":44,"cmd":"SyncServerStatus","dessk":"cs","session":92,"des":".serversetter"},"data":{"gs10001":{"server_grade":59}}}
[:06-26_03-18-07][:00000013] router服务端 网络消息 服务=router_s iCmd=101 fd=10.0 mData={"record":{"type":3,"srcsk":"cs","src":40,"dessk":"gs10001","session":92,"des":44},"data":{"result":{"whitelist":{},"gs10001":{"heartbeat":1750907887,"server_grade":59}}}}
[:06-26_03-18-20][:00000013] router服务端 网络消息 服务=router_s iCmd=101 fd=28.0 mData={"record":{"module":"common","type":2,"srcsk":"gs10001","src":44,"cmd":"SyncServerStatus","dessk":"cs","session":93,"des":".serversetter"},"data":{"gs10001":{"server_grade":59}}}
[:06-26_03-18-20][:00000013] router服务端 网络消息 服务=router_s iCmd=101 fd=10.0 mData={"record":{"type":3,"srcsk":"cs","src":40,"dessk":"gs10001","session":93,"des":44},"data":{"result":{"whitelist":{},"gs10001":{"heartbeat":1750907899,"server_grade":59}}}}
[:06-26_03-18-20][:00000013] router服务端 网络消息 服务=router_s iCmd=101 fd=10.0 mData={"record":{"cmd":"CSGetOpenStatus","srcsk":"cs","src":40,"module":"common","dessk":"gs10001","type":1,"des":".login"},"data":{}}
[:06-26_03-18-20][:00000013] router服务端 网络消息 服务=router_s iCmd=101 fd=28.0 mData={"record":{"cmd":"GSSetOpenState","srcsk":"gs10001","src":32,"module":"common","dessk":"cs","type":1,"des":".serversetter"},"data":{"status":3,"server_key":"dev_gs10001"}}
[:06-26_03-18-27][:00000013] router服务端 网络消息 服务=router_s iCmd=101 fd=28.0 mData={"record":{"module":"common","type":2,"srcsk":"gs10001","src":44,"cmd":"SyncServerStatus","dessk":"cs","session":94,"des":".serversetter"},"data":{"gs10001":{"server_grade":59}}}
[:06-26_03-18-27][:00000013] router服务端 网络消息 服务=router_s iCmd=101 fd=10.0 mData={"record":{"type":3,"srcsk":"cs","src":40,"dessk":"gs10001","session":94,"des":44},"data":{"result":{"whitelist":{},"gs10001":{"heartbeat":1750907907,"server_grade":59}}}}
[:06-26_03-18-36][:00000013] router服务端 网络消息 服务=router_s iCmd=101 fd=28.0 mData={"record":{"module":"common","type":2,"srcsk":"gs10001","src":32,"cmd":"Forward","dessk":"cs","session":36,"des":".serversetter"},"data":{"cmd":"GetSetterConfig","data":{"ver":1,"server_key":"dev_gs10001"}}}
[:06-26_03-18-36][:00000013] router服务端 网络消息 服务=router_s iCmd=101 fd=10.0 mData={"record":{"type":3,"srcsk":"cs","src":40,"dessk":"gs10001","session":36,"des":32},"data":{"errcode":0,"data":{"version":1}}}
[:06-26_03-18-40][:00000013] router服务端 网络消息 服务=router_s iCmd=101 fd=28.0 mData={"record":{"module":"common","type":2,"srcsk":"gs10001","src":44,"cmd":"SyncServerStatus","dessk":"cs","session":95,"des":".serversetter"},"data":{"gs10001":{"server_grade":59}}}
[:06-26_03-18-40][:00000013] router服务端 网络消息 服务=router_s iCmd=101 fd=10.0 mData={"record":{"type":3,"srcsk":"cs","src":40,"dessk":"gs10001","session":95,"des":44},"data":{"result":{"whitelist":{},"gs10001":{"heartbeat":1750907919,"server_grade":59}}}}
[:06-26_03-18-55][:00000013] router服务端 网络消息 服务=router_s iCmd=101 fd=28.0 mData={"record":{"module":"common","type":2,"srcsk":"gs10001","src":44,"cmd":"SyncServerStatus","dessk":"cs","session":96,"des":".serversetter"},"data":{"gs10001":{"server_grade":59}}}
[:06-26_03-18-55][:00000013] router服务端 网络消息 服务=router_s iCmd=101 fd=10.0 mData={"record":{"type":3,"srcsk":"cs","src":40,"dessk":"gs10001","session":96,"des":44},"data":{"result":{"whitelist":{},"gs10001":{"heartbeat":1750907935,"server_grade":59}}}}
[:06-26_03-19-06][:00000013] router服务端 网络消息 服务=router_s iCmd=101 fd=28.0 mData={"record":{"module":"common","type":2,"srcsk":"gs10001","src":32,"cmd":"Forward","dessk":"cs","session":37,"des":".serversetter"},"data":{"cmd":"GetSetterConfig","data":{"ver":1,"server_key":"dev_gs10001"}}}
[:06-26_03-19-06][:00000013] router服务端 网络消息 服务=router_s iCmd=101 fd=10.0 mData={"record":{"type":3,"srcsk":"cs","src":40,"dessk":"gs10001","session":37,"des":32},"data":{"errcode":0,"data":{"version":1}}}
[:06-26_03-19-10][:00000013] router服务端 网络消息 服务=router_s iCmd=101 fd=28.0 mData={"record":{"module":"common","type":2,"srcsk":"gs10001","src":44,"cmd":"SyncServerStatus","dessk":"cs","session":97,"des":".serversetter"},"data":{"gs10001":{"server_grade":59}}}
[:06-26_03-19-10][:00000013] router服务端 网络消息 服务=router_s iCmd=101 fd=10.0 mData={"record":{"type":3,"srcsk":"cs","src":40,"dessk":"gs10001","session":97,"des":44},"data":{"result":{"whitelist":{},"gs10001":{"heartbeat":1750907947,"server_grade":59}}}}
[:06-26_03-19-19][:00000013] router服务端 网络消息 服务=router_s iCmd=101 fd=28.0 mData={"record":{"module":"common","type":2,"srcsk":"gs10001","src":44,"cmd":"SyncServerStatus","dessk":"cs","session":98,"des":".serversetter"},"data":{"gs10001":{"server_grade":59}}}
[:06-26_03-19-19][:00000013] router服务端 网络消息 服务=router_s iCmd=101 fd=10.0 mData={"record":{"type":3,"srcsk":"cs","src":40,"dessk":"gs10001","session":98,"des":44},"data":{"result":{"whitelist":{},"gs10001":{"heartbeat":1750907959,"server_grade":59}}}}
[:06-26_03-19-20][:00000013] router服务端 网络消息 服务=router_s iCmd=101 fd=10.0 mData={"record":{"cmd":"CSGetOpenStatus","srcsk":"cs","src":40,"module":"common","dessk":"gs10001","type":1,"des":".login"},"data":{}}
[:06-26_03-19-20][:00000013] router服务端 网络消息 服务=router_s iCmd=101 fd=28.0 mData={"record":{"cmd":"GSSetOpenState","srcsk":"gs10001","src":32,"module":"common","dessk":"cs","type":1,"des":".serversetter"},"data":{"status":3,"server_key":"dev_gs10001"}}
[:06-26_03-19-30][:00000013] router服务端 网络消息 服务=router_s iCmd=101 fd=28.0 mData={"record":{"module":"common","type":2,"srcsk":"gs10001","src":44,"cmd":"SyncServerStatus","dessk":"cs","session":99,"des":".serversetter"},"data":{"gs10001":{"server_grade":59}}}
[:06-26_03-19-30][:00000013] router服务端 网络消息 服务=router_s iCmd=101 fd=10.0 mData={"record":{"type":3,"srcsk":"cs","src":40,"dessk":"gs10001","session":99,"des":44},"data":{"result":{"whitelist":{},"gs10001":{"heartbeat":1750907967,"server_grade":59}}}}
[:06-26_03-19-36][:00000013] router服务端 网络消息 服务=router_s iCmd=101 fd=28.0 mData={"record":{"module":"common","type":2,"srcsk":"gs10001","src":32,"cmd":"Forward","dessk":"cs","session":38,"des":".serversetter"},"data":{"cmd":"GetSetterConfig","data":{"ver":1,"server_key":"dev_gs10001"}}}
[:06-26_03-19-36][:00000013] router服务端 网络消息 服务=router_s iCmd=101 fd=10.0 mData={"record":{"type":3,"srcsk":"cs","src":40,"dessk":"gs10001","session":38,"des":32},"data":{"errcode":0,"data":{"version":1}}}
[:06-26_03-19-44][:00000013] router服务端 网络消息 服务=router_s iCmd=101 fd=28.0 mData={"record":{"module":"common","type":2,"srcsk":"gs10001","src":44,"cmd":"SyncServerStatus","dessk":"cs","session":100,"des":".serversetter"},"data":{"gs10001":{"server_grade":59}}}
[:06-26_03-19-44][:00000013] router服务端 网络消息 服务=router_s iCmd=101 fd=10.0 mData={"record":{"type":3,"srcsk":"cs","src":40,"dessk":"gs10001","session":100,"des":44},"data":{"result":{"whitelist":{},"gs10001":{"heartbeat":1750907983,"server_grade":59}}}}
[:06-26_03-19-59][:00000013] router服务端 网络消息 服务=router_s iCmd=101 fd=28.0 mData={"record":{"module":"common","type":2,"srcsk":"gs10001","src":44,"cmd":"SyncServerStatus","dessk":"cs","session":101,"des":".serversetter"},"data":{"gs10001":{"server_grade":59}}}
[:06-26_03-19-59][:00000013] router服务端 网络消息 服务=router_s iCmd=101 fd=10.0 mData={"record":{"type":3,"srcsk":"cs","src":40,"dessk":"gs10001","session":101,"des":44},"data":{"result":{"whitelist":{},"gs10001":{"heartbeat":1750907999,"server_grade":59}}}}
[:06-26_03-20-06][:00000013] router服务端 网络消息 服务=router_s iCmd=101 fd=28.0 mData={"record":{"module":"common","type":2,"srcsk":"gs10001","src":32,"cmd":"Forward","dessk":"cs","session":39,"des":".serversetter"},"data":{"cmd":"GetSetterConfig","data":{"ver":1,"server_key":"dev_gs10001"}}}
[:06-26_03-20-06][:00000013] router服务端 网络消息 服务=router_s iCmd=101 fd=10.0 mData={"record":{"type":3,"srcsk":"cs","src":40,"dessk":"gs10001","session":39,"des":32},"data":{"errcode":0,"data":{"version":1}}}
[:06-26_03-20-13][:00000013] router服务端 网络消息 服务=router_s iCmd=101 fd=28.0 mData={"record":{"module":"common","type":2,"srcsk":"gs10001","src":44,"cmd":"SyncServerStatus","dessk":"cs","session":102,"des":".serversetter"},"data":{"gs10001":{"server_grade":59}}}
[:06-26_03-20-13][:00000013] router服务端 网络消息 服务=router_s iCmd=101 fd=10.0 mData={"record":{"type":3,"srcsk":"cs","src":40,"dessk":"gs10001","session":102,"des":44},"data":{"result":{"whitelist":{},"gs10001":{"heartbeat":1750908011,"server_grade":59}}}}
[:06-26_03-20-20][:00000013] router服务端 网络消息 服务=router_s iCmd=101 fd=10.0 mData={"record":{"cmd":"CSGetOpenStatus","srcsk":"cs","src":40,"module":"common","dessk":"gs10001","type":1,"des":".login"},"data":{}}
[:06-26_03-20-20][:00000013] router服务端 网络消息 服务=router_s iCmd=101 fd=28.0 mData={"record":{"cmd":"GSSetOpenState","srcsk":"gs10001","src":32,"module":"common","dessk":"cs","type":1,"des":".serversetter"},"data":{"status":3,"server_key":"dev_gs10001"}}
[:06-26_03-20-25][:00000013] router服务端 网络消息 服务=router_s iCmd=101 fd=28.0 mData={"record":{"module":"common","type":2,"srcsk":"gs10001","src":44,"cmd":"SyncServerStatus","dessk":"cs","session":103,"des":".serversetter"},"data":{"gs10001":{"server_grade":59}}}
[:06-26_03-20-25][:00000013] router服务端 网络消息 服务=router_s iCmd=101 fd=10.0 mData={"record":{"type":3,"srcsk":"cs","src":40,"dessk":"gs10001","session":103,"des":44},"data":{"result":{"whitelist":{},"gs10001":{"heartbeat":1750908023,"server_grade":59}}}}
[:06-26_03-20-36][:00000013] router服务端 网络消息 服务=router_s iCmd=101 fd=28.0 mData={"record":{"module":"common","type":2,"srcsk":"gs10001","src":32,"cmd":"Forward","dessk":"cs","session":40,"des":".serversetter"},"data":{"cmd":"GetSetterConfig","data":{"ver":1,"server_key":"dev_gs10001"}}}
[:06-26_03-20-36][:00000013] router服务端 网络消息 服务=router_s iCmd=101 fd=10.0 mData={"record":{"type":3,"srcsk":"cs","src":40,"dessk":"gs10001","session":40,"des":32},"data":{"errcode":0,"data":{"version":1}}}
[:06-26_03-20-38][:00000013] router服务端 网络消息 服务=router_s iCmd=101 fd=28.0 mData={"record":{"module":"common","type":2,"srcsk":"gs10001","src":44,"cmd":"SyncServerStatus","dessk":"cs","session":104,"des":".serversetter"},"data":{"gs10001":{"server_grade":59}}}
[:06-26_03-20-38][:00000013] router服务端 网络消息 服务=router_s iCmd=101 fd=10.0 mData={"record":{"type":3,"srcsk":"cs","src":40,"dessk":"gs10001","session":104,"des":44},"data":{"result":{"whitelist":{},"gs10001":{"heartbeat":1750908035,"server_grade":59}}}}
[:06-26_03-20-53][:00000013] router服务端 网络消息 服务=router_s iCmd=101 fd=28.0 mData={"record":{"module":"common","type":2,"srcsk":"gs10001","src":44,"cmd":"SyncServerStatus","dessk":"cs","session":105,"des":".serversetter"},"data":{"gs10001":{"server_grade":59}}}
[:06-26_03-20-53][:00000013] router服务端 网络消息 服务=router_s iCmd=101 fd=10.0 mData={"record":{"type":3,"srcsk":"cs","src":40,"dessk":"gs10001","session":105,"des":44},"data":{"result":{"whitelist":{},"gs10001":{"heartbeat":1750908051,"server_grade":59}}}}
[:06-26_03-21-01][:00000013] router服务端 网络消息 服务=router_s iCmd=101 fd=28.0 mData={"record":{"module":"common","type":2,"srcsk":"gs10001","src":44,"cmd":"SyncServerStatus","dessk":"cs","session":106,"des":".serversetter"},"data":{"gs10001":{"server_grade":59}}}
[:06-26_03-21-01][:00000013] router服务端 网络消息 服务=router_s iCmd=101 fd=10.0 mData={"record":{"type":3,"srcsk":"cs","src":40,"dessk":"gs10001","session":106,"des":44},"data":{"result":{"whitelist":{},"gs10001":{"heartbeat":1750908059,"server_grade":59}}}}
[:06-26_03-21-06][:00000013] router服务端 网络消息 服务=router_s iCmd=101 fd=28.0 mData={"record":{"module":"common","type":2,"srcsk":"gs10001","src":32,"cmd":"Forward","dessk":"cs","session":41,"des":".serversetter"},"data":{"cmd":"GetSetterConfig","data":{"ver":1,"server_key":"dev_gs10001"}}}
[:06-26_03-21-06][:00000013] router服务端 网络消息 服务=router_s iCmd=101 fd=10.0 mData={"record":{"type":3,"srcsk":"cs","src":40,"dessk":"gs10001","session":41,"des":32},"data":{"errcode":0,"data":{"version":1}}}
[:06-26_03-21-08][:00000013] router服务端 网络消息 服务=router_s iCmd=101 fd=28.0 mData={"record":{"module":"common","type":2,"srcsk":"gs10001","src":44,"cmd":"SyncServerStatus","dessk":"cs","session":107,"des":".serversetter"},"data":{"gs10001":{"server_grade":59}}}
[:06-26_03-21-08][:00000013] router服务端 网络消息 服务=router_s iCmd=101 fd=10.0 mData={"record":{"type":3,"srcsk":"cs","src":40,"dessk":"gs10001","session":107,"des":44},"data":{"result":{"whitelist":{},"gs10001":{"heartbeat":1750908067,"server_grade":59}}}}
[:06-26_03-21-17][:00000013] router服务端 网络消息 服务=router_s iCmd=101 fd=28.0 mData={"record":{"module":"common","type":2,"srcsk":"gs10001","src":44,"cmd":"SyncServerStatus","dessk":"cs","session":108,"des":".serversetter"},"data":{"gs10001":{"server_grade":59}}}
[:06-26_03-21-17][:00000013] router服务端 网络消息 服务=router_s iCmd=101 fd=10.0 mData={"record":{"type":3,"srcsk":"cs","src":40,"dessk":"gs10001","session":108,"des":44},"data":{"result":{"whitelist":{},"gs10001":{"heartbeat":1750908075,"server_grade":59}}}}
[:06-26_03-21-20][:00000013] router服务端 网络消息 服务=router_s iCmd=101 fd=10.0 mData={"record":{"cmd":"CSGetOpenStatus","srcsk":"cs","src":40,"module":"common","dessk":"gs10001","type":1,"des":".login"},"data":{}}
[:06-26_03-21-20][:00000013] router服务端 网络消息 服务=router_s iCmd=101 fd=28.0 mData={"record":{"cmd":"GSSetOpenState","srcsk":"gs10001","src":32,"module":"common","dessk":"cs","type":1,"des":".serversetter"},"data":{"status":3,"server_key":"dev_gs10001"}}
[:06-26_03-21-25][:00000013] router服务端 网络消息 服务=router_s iCmd=101 fd=28.0 mData={"record":{"module":"common","type":2,"srcsk":"gs10001","src":44,"cmd":"SyncServerStatus","dessk":"cs","session":109,"des":".serversetter"},"data":{"gs10001":{"server_grade":59}}}
[:06-26_03-21-25][:00000013] router服务端 网络消息 服务=router_s iCmd=101 fd=10.0 mData={"record":{"type":3,"srcsk":"cs","src":40,"dessk":"gs10001","session":109,"des":44},"data":{"result":{"whitelist":{},"gs10001":{"heartbeat":1750908083,"server_grade":59}}}}
[:06-26_03-21-36][:00000013] router服务端 网络消息 服务=router_s iCmd=101 fd=28.0 mData={"record":{"module":"common","type":2,"srcsk":"gs10001","src":32,"cmd":"Forward","dessk":"cs","session":42,"des":".serversetter"},"data":{"cmd":"GetSetterConfig","data":{"ver":1,"server_key":"dev_gs10001"}}}
[:06-26_03-21-36][:00000013] router服务端 网络消息 服务=router_s iCmd=101 fd=10.0 mData={"record":{"type":3,"srcsk":"cs","src":40,"dessk":"gs10001","session":42,"des":32},"data":{"errcode":0,"data":{"version":1}}}
[:06-26_03-21-37][:00000013] router服务端 网络消息 服务=router_s iCmd=101 fd=28.0 mData={"record":{"module":"common","type":2,"srcsk":"gs10001","src":44,"cmd":"SyncServerStatus","dessk":"cs","session":110,"des":".serversetter"},"data":{"gs10001":{"server_grade":59}}}
[:06-26_03-21-37][:00000013] router服务端 网络消息 服务=router_s iCmd=101 fd=10.0 mData={"record":{"type":3,"srcsk":"cs","src":40,"dessk":"gs10001","session":110,"des":44},"data":{"result":{"whitelist":{},"gs10001":{"heartbeat":1750908095,"server_grade":59}}}}
[:06-26_03-21-47][:00000013] router服务端 网络消息 服务=router_s iCmd=101 fd=28.0 mData={"record":{"module":"common","type":2,"srcsk":"gs10001","src":44,"cmd":"SyncServerStatus","dessk":"cs","session":111,"des":".serversetter"},"data":{"gs10001":{"server_grade":59}}}
[:06-26_03-21-47][:00000013] router服务端 网络消息 服务=router_s iCmd=101 fd=10.0 mData={"record":{"type":3,"srcsk":"cs","src":40,"dessk":"gs10001","session":111,"des":44},"data":{"result":{"whitelist":{},"gs10001":{"heartbeat":1750908107,"server_grade":59}}}}
[:06-26_03-21-56][:00000013] router服务端 网络消息 服务=router_s iCmd=101 fd=28.0 mData={"record":{"module":"common","type":2,"srcsk":"gs10001","src":44,"cmd":"SyncServerStatus","dessk":"cs","session":112,"des":".serversetter"},"data":{"gs10001":{"server_grade":59}}}
[:06-26_03-21-56][:00000013] router服务端 网络消息 服务=router_s iCmd=101 fd=10.0 mData={"record":{"type":3,"srcsk":"cs","src":40,"dessk":"gs10001","session":112,"des":44},"data":{"result":{"whitelist":{},"gs10001":{"heartbeat":1750908115,"server_grade":59}}}}
[:06-26_03-22-02][:00000013] router服务端 网络消息 服务=router_s iCmd=101 fd=28.0 mData={"record":{"cmd":"UpdateRoleInfo","srcsk":"gs10001","src":44,"module":"common","dessk":"cs","type":1,"des":".datacenter"},"data":{"login_time":1750908122,"name":"衍生℃随远","school":2,"pid":10005,"icon":1110,"grade":3}}
[:06-26_03-22-02][:00000013] router服务端 网络消息 服务=router_s iCmd=101 fd=28.0 mData={"record":{"cmd":"DealUntreatedOrder","srcsk":"gs10001","src":44,"module":"common","dessk":"cs","type":1,"des":".pay4"},"data":{"pid":10005,"server":"gs10001"}}
[:06-26_03-22-02][:00000013] router服务端 网络消息 服务=router_s iCmd=101 fd=28.0 mData={"record":{"module":"common","type":2,"srcsk":"gs10001","src":44,"cmd":"GetShowIdByPid","dessk":"cs","session":113,"des":".idsupply"},"data":{"pid":10005,"set":1}}
[:06-26_03-22-02][:00000013] router服务端 网络消息 服务=router_s iCmd=101 fd=10.0 mData={"record":{"type":3,"srcsk":"cs","src":41,"dessk":"gs10001","session":113,"des":44},"data":{}}
[:06-26_03-22-06][:00000013] router服务端 网络消息 服务=router_s iCmd=101 fd=28.0 mData={"record":{"module":"common","type":2,"srcsk":"gs10001","src":32,"cmd":"Forward","dessk":"cs","session":43,"des":".serversetter"},"data":{"cmd":"GetSetterConfig","data":{"ver":1,"server_key":"dev_gs10001"}}}
[:06-26_03-22-06][:00000013] router服务端 网络消息 服务=router_s iCmd=101 fd=10.0 mData={"record":{"type":3,"srcsk":"cs","src":40,"dessk":"gs10001","session":43,"des":32},"data":{"errcode":0,"data":{"version":1}}}
[:06-26_03-22-08][:00000013] router服务端 网络消息 服务=router_s iCmd=101 fd=28.0 mData={"record":{"module":"common","type":2,"srcsk":"gs10001","src":44,"cmd":"SyncServerStatus","dessk":"cs","session":114,"des":".serversetter"},"data":{"gs10001":{"server_grade":59}}}
[:06-26_03-22-08][:00000013] router服务端 网络消息 服务=router_s iCmd=101 fd=10.0 mData={"record":{"type":3,"srcsk":"cs","src":40,"dessk":"gs10001","session":114,"des":44},"data":{"result":{"whitelist":{},"gs10001":{"heartbeat":1750908127,"server_grade":59}}}}
[:06-26_03-22-17][:00000013] router服务端 网络消息 服务=router_s iCmd=101 fd=28.0 mData={"record":{"module":"common","type":2,"srcsk":"gs10001","src":44,"cmd":"SyncServerStatus","dessk":"cs","session":115,"des":".serversetter"},"data":{"gs10001":{"server_grade":59}}}
[:06-26_03-22-17][:00000013] router服务端 网络消息 服务=router_s iCmd=101 fd=10.0 mData={"record":{"type":3,"srcsk":"cs","src":40,"dessk":"gs10001","session":115,"des":44},"data":{"result":{"whitelist":{},"gs10001":{"heartbeat":1750908135,"server_grade":59}}}}
[:06-26_03-22-20][:00000013] router服务端 网络消息 服务=router_s iCmd=101 fd=10.0 mData={"record":{"cmd":"CSGetOpenStatus","srcsk":"cs","src":40,"module":"common","dessk":"gs10001","type":1,"des":".login"},"data":{}}
[:06-26_03-22-20][:00000013] router服务端 网络消息 服务=router_s iCmd=101 fd=28.0 mData={"record":{"cmd":"GSSetOpenState","srcsk":"gs10001","src":32,"module":"common","dessk":"cs","type":1,"des":".serversetter"},"data":{"status":3,"server_key":"dev_gs10001"}}
[:06-26_03-22-26][:00000013] router服务端 网络消息 服务=router_s iCmd=101 fd=28.0 mData={"record":{"module":"common","type":2,"srcsk":"gs10001","src":44,"cmd":"SyncServerStatus","dessk":"cs","session":116,"des":".serversetter"},"data":{"gs10001":{"server_grade":59}}}
[:06-26_03-22-26][:00000013] router服务端 网络消息 服务=router_s iCmd=101 fd=10.0 mData={"record":{"type":3,"srcsk":"cs","src":40,"dessk":"gs10001","session":116,"des":44},"data":{"result":{"whitelist":{},"gs10001":{"heartbeat":1750908143,"server_grade":59}}}}
^C
[root@46d43da1126c code]# 